******************************************************************************
            TI ARM Clang Linker PC v3.2.1                      
******************************************************************************
>> Linked Fri Apr 19 18:53:14 2024

OUTPUT FILE NAME:   <ECE319K_Lab9H.out>
ENTRY POINT SYMBOL: "_c_int00_noargs"  address: 00001a9d


MEMORY CONFIGURATION

         name            origin    length      used     unused   attr    fill
----------------------  --------  ---------  --------  --------  ----  --------
  FLASH                 00000000   00020000  000022d0  0001dd30  R  X
  SRAM                  20200000   00008000  000007d4  0000782c  RW X
  BCR_CONFIG            41c00000   00000080  00000000  00000080  R   
  BSL_CONFIG            41c00100   00000080  00000000  00000080  R   


SEGMENT ALLOCATION MAP

run origin  load origin   length   init length attrs members
----------  ----------- ---------- ----------- ----- -------
00000000    00000000    000022d0   000022d0    r-x
  00000000    00000000    000000c0   000000c0    r-- .intvecs
  000000c0    000000c0    00001bc8   00001bc8    r-x .text
  00001c88    00001c88    000005b0   000005b0    r-- .rodata
  00002238    00002238    00000008   00000008    r-- .init_array
  00002240    00002240    00000090   00000090    r-- .cinit
20200000    20200000    000005d7   00000000    rw-
  20200000    20200000    00000200   00000000    rw- .sysmem
  20200200    20200200    000001fd   00000000    rw- .data
  20200400    20200400    000001d7   00000000    rw- .bss
20207e00    20207e00    00000200   00000000    rw-
  20207e00    20207e00    00000200   00000000    rw- .stack


SECTION ALLOCATION MAP

 output                                  attributes/
section   page    origin      length       input sections
--------  ----  ----------  ----------   ----------------
.intvecs   0    00000000    000000c0     
                  00000000    000000c0     startup_mspm0g3507_ticlang.o (.intvecs)

.binit     0    00000000    00000000     

.text      0    000000c0    00001bc8     
                  000000c0    000001b4     Clock.o (.text._Z15Clock_Init80MHzi)
                  00000274    000001a0     ST7735.o (.text._Z16ST7735_DrawCharSsscssh)
                  00000414    00000160     libc.a : fopen.c.obj (.text._openfile)
                  00000574    0000012c            : memory.c.obj (.text.aligned_alloc)
                  000006a0    00000118     ST7735.o (.text._Z15ST7735_FillRectsssst)
                  000007b8    000000f8     SPI.o (.text._Z8SPI_Initv)
                  000008b0    000000ec     libsysbm.a : add_device.c.obj (.text.add_device)
                  0000099c    000000ec     libc.a : memory.c.obj (.text.free)
                  00000a88    000000dc            : setvbuf.c.obj (.text.setvbuf)
                  00000b64    000000d0     ST7735.o (.text._Z14ST7735_OutCharc)
                  00000c34    000000a8     libsysbm.a : open.c.obj (.text.open)
                  00000cdc    000000a2     ST7735.o (.text._ZL11commandListPKh)
                  00000d7e    00000002     Sound.o (.text.SysTick_Handler)
                  00000d80    0000009c     ST7735.o (.text._Z17ST7735_InitPrintfv)
                  00000e1c    00000098     ST7735.o (.text._Z12ST7735_InitR10initRFlags)
                  00000eb4    00000088     ST7735.o (.text._ZL13setAddrWindowhhhh)
                  00000f3c    00000084     ST7735.o (.text._Z17ST7735_DrawStringttPcs)
                  00000fc0    0000007c     LaunchPad.o (.text._Z14LaunchPad_Initv)
                  0000103c    0000007c     libc.a : fclose.c.obj (.text.__TI_closefile)
                  000010b8    00000078            : copy_decompress_lzss.c.obj (.text:decompress:lzss)
                  00001130    00000070     ST7735.o (.text._Z16ST7735_DrawPixelsst)
                  000011a0    0000006c     libsysbm.a : hostlseek.c.obj (.text.HOSTlseek)
                  0000120c    0000006c                : hostrename.c.obj (.text.HOSTrename)
                  00001278    00000068     libc.a : getdevice.c.obj (.text.getdevice)
                  000012e0    00000064            : memory.c.obj (.text.split)
                  00001344    00000060     libsysbm.a : hostopen.c.obj (.text.HOSTopen)
                  000013a4    00000058                : hostread.c.obj (.text.HOSTread)
                  000013fc    00000058                : hostwrite.c.obj (.text.HOSTwrite)
                  00001454    00000054     libc.a : autoinit.c.obj (.text:__TI_auto_init_nobinit)
                  000014a8    00000052            : fflush.c.obj (.text.__TI_doflush)
                  000014fa    00000002     libclang_rt.builtins.a : aeabi_div0.c.obj (.text.__aeabi_idiv0)
                  000014fc    00000050     libsysbm.a : close.c.obj (.text.close)
                  0000154c    00000048                : hostclose.c.obj (.text.HOSTclose)
                  00001594    00000048                : hostunlink.c.obj (.text.HOSTunlink)
                  000015dc    00000048     SPI.o (.text._Z14SPI_OutCommandc)
                  00001624    00000040     TExaS.o (.text.TIMG7_IRQHandler)
                  00001664    00000040     SPI.o (.text._Z9SPI_Resetv)
                  000016a4    00000040     libclang_rt.builtins.a : aeabi_uidivmod.S.obj (.text.__aeabi_uidivmod)
                  000016e4    00000040     libc.a : fopen.c.obj (.text._search_fp)
                  00001724    00000038     SPI.o (.text._Z11SPI_OutDatac)
                  0000175c    00000038     LaunchPad.o (.text._Z15ActivatePortA_Bv)
                  00001794    00000038     libc.a : getdevice.c.obj (.text.finddevice)
                  000017cc    00000034     ST7735.o (.text._Z12ST7735_writeiPKcj)
                  00001800    00000034     Clock.o (.text._Z14Clock_Delay1msj)
                  00001834    00000034     ST7735.o (.text._Z16ST7735_SetCursorjj)
                  00001868    00000034     libc.a : fopen.c.obj (.text.__TI_cleanup)
                  0000189c    00000034     libsysbm.a : trgmsg.c.obj (.text.__TI_readmsg)
                  000018d0    00000034                : trgmsg.c.obj (.text.__TI_writemsg)
                  00001904    00000034     libc.a : exit.c.obj (.text.exit)
                  00001938    00000034            : fopen.c.obj (.text.freopen)
                  0000196c    00000030     ST7735.o (.text._ZL10commonInitPKh)
                  0000199c    00000030     libc.a : fopen.c.obj (.text.fopen)
                  000019cc    0000002c     ST7735.o (.text._Z17ST7735_FillScreent)
                  000019f8    0000002c     libsysbm.a : unlink.c.obj (.text.unlink)
                  00001a24    00000028     Lab9HMain.o (.text.TIMG12_IRQHandler)
                  00001a4c    00000028     libc.a : memory.c.obj (.text.free_list_insert)
                  00001a74    00000028     libsysbm.a : write.c.obj (.text.write)
                  00001a9c    00000028     libc.a : boot_cortex_m.c.obj (.text:_c_int00_noargs)
                  00001ac4    00000024     Lab9HMain.o (.text.main)
                  00001ae8    0000001e     ST7735.o (.text._ZL9pushColort)
                  00001b06    00000002     libc.a : _lock.c.obj (.text._nop)
                  00001b08    0000001c            : memory.c.obj (.text.free_list_remove)
                  00001b24    00000018     Lab9HMain.o (.text.__cxx_global_var_init)
                  00001b3c    00000016     ST7735.o (.text._Z11ST7735_openPKcji)
                  00001b52    00000016     ST7735.o (.text._Z11ST7735_readiPcj)
                  00001b68    00000016     libc.a : copy_zero_init.c.obj (.text:decompress:ZI:__TI_zero_init_nomemset)
                  00001b7e    00000012     libsysbm.a : hostrename.c.obj (.text.strcpy)
                  00001b90    00000012     libc.a : memcpy16.S.obj (.text:TI_memcpy_small)
                  00001ba2    00000012            : copy_decompress_none.c.obj (.text:decompress:none)
                  00001bb4    00000010     Clock.o (.text._Z11Clock_Delayj)
                  00001bc4    0000000e     libc.a : memory.c.obj (.text.OUTLINED_FUNCTION_0)
                  00001bd2    0000000e     ST7735.o (.text._Z12ST7735_lseekili)
                  00001be0    0000000e     SlidePot.o (.text._ZN8SlidePotC2Ejj)
                  00001bee    0000000e     libsysbm.a : hostrename.c.obj (.text.strlen)
                  00001bfc    0000000e     libc.a : memset16.S.obj (.text:TI_memset_small)
                  00001c0a    00000002     --HOLE-- [fill = 0]
                  00001c0c    0000000c     Clock.o (.text._Z10Clock_Freqv)
                  00001c18    0000000c     ST7735.o (.text._Z13ST7735_renamePKcS0_)
                  00001c24    0000000c     libclang_rt.builtins.a : aeabi_memset.S.obj (.text.__aeabi_memclr)
                  00001c30    0000000c     libc.a : memory.c.obj (.text.malloc)
                  00001c3c    0000000a     ST7735.o (.text._Z12ST7735_closei)
                  00001c46    0000000a     ST7735.o (.text._Z13ST7735_unlinkPKc)
                  00001c50    0000000a     Lab9HMain.o (.text._Z8PLL_Initv)
                  00001c5a    00000008     Lab9HMain.o (.text._GLOBAL__sub_I_Lab9HMain.cpp)
                  00001c62    00000002     --HOLE-- [fill = 0]
                  00001c64    00000008     libclang_rt.builtins.a : aeabi_memcpy.S.obj (.text.__aeabi_memcpy)
                  00001c6c    00000008     libsysbm.a : remove.c.obj (.text.remove)
                  00001c74    00000004     startup_mspm0g3507_ticlang.o (.text.Default_Handler)
                  00001c78    00000004     startup_mspm0g3507_ticlang.o (.text.HardFault_Handler)
                  00001c7c    00000004     startup_mspm0g3507_ticlang.o (.text.Reset_Handler)
                  00001c80    00000004     libc.a : pre_init.c.obj (.text._system_pre_init)
                  00001c84    00000004            : exit.c.obj (.text:abort)

.cinit     0    00002240    00000090     
                  00002240    0000006a     (.cinit..data.load) [load image, compression = lzss]
                  000022aa    00000002     --HOLE-- [fill = 0]
                  000022ac    0000000c     (__TI_handler_table)
                  000022b8    00000008     (.cinit..bss.load) [load image, compression = zero_init]
                  000022c0    00000010     (__TI_cinit_table)

.rodata    0    00001c88    000005b0     
                  00001c88    000004fb     ST7735.o (.rodata._ZL4Font)
                  00002183    0000003b     ST7735.o (.rodata._ZL5Rcmd1)
                  000021be    0000002b     ST7735.o (.rodata._ZL5Rcmd3)
                  000021e9    00000016     ST7735.o (.rodata.str1.131665389507815453811)
                  000021ff    0000000d     ST7735.o (.rodata._ZL10Rcmd2green)
                  0000220c    0000000d     ST7735.o (.rodata._ZL8Rcmd2red)
                  00002219    00000008     ST7735.o (.rodata.str1.161631381400259954491)
                  00002221    00000007     ST7735.o (.rodata.str1.143961241596465569741)
                  00002228    00000007     ST7735.o (.rodata.str1.170560692974795043421)
                  0000222f    00000002     ST7735.o (.rodata.str1.160374501239804684721)
                  00002231    00000007     --HOLE-- [fill = 0]

.init_array 
*          0    00002238    00000008     
                  00002238    00000004     Lab9HMain.o (.init_array)
                  0000223c    00000004     --HOLE-- [fill = 0]

.sysmem    0    20200000    00000200     UNINITIALIZED
                  20200000    00000010     libc.a : memory.c.obj (.sysmem)
                  20200010    000001f0     --HOLE--

.data      0    20200200    000001fd     UNINITIALIZED
                  20200200    000000f0     libc.a : defs.c.obj (.data._ftable)
                  202002f0    00000078     libsysbm.a : host_device.c.obj (.data._device)
                  20200368    00000050                : host_device.c.obj (.data._stream)
                  202003b8    00000014     Lab9HMain.o (.data.Sensor)
                  202003cc    00000008     libc.a : exit.c.obj (.data..L_MergedGlobals)
                  202003d4    00000004     Clock.o (.data.BusFreq)
                  202003d8    00000004     ST7735.o (.data.StX)
                  202003dc    00000004     ST7735.o (.data.StY)
                  202003e0    00000004     libc.a : defs.c.obj (.data.__TI_ft_end)
                  202003e4    00000004            : _lock.c.obj (.data._lock)
                  202003e8    00000004            : _lock.c.obj (.data._unlock)
                  202003ec    00000002     ST7735.o (.data.StTextColor)
                  202003ee    00000002     ST7735.o (.data._ZL6_width)
                  202003f0    00000002     ST7735.o (.data._ZL7_height)
                  202003f2    00000002     --HOLE--
                  202003f4    00000001     libsysbm.a : add_device.c.obj (.data.add_device.device_init)
                  202003f5    00000003     --HOLE--
                  202003f8    00000001     libc.a : memory.c.obj (.data.memory_is_initialized)
                  202003f9    00000003     --HOLE--
                  202003fc    00000001     libsysbm.a : open.c.obj (.data.open.stream_init)

.bss       0    20200400    000001d7     UNINITIALIZED
                  20200400    00000120     libsysbm.a : trgmsg.c.obj (.bss:_CIOBUF_)
                  20200520    000000a0     libc.a : defs.c.obj (.bss.__TI_tmpnams)
                  202005c0    00000008     libsysbm.a : hostopen.c.obj (.bss.parmbuf)
                  202005c8    00000004     TExaS.o (.bss.TExaSLogic)
                  202005cc    00000004     TExaS.o (.bss.TExaSadc)
                  202005d0    00000004     libc.a : memory.c.obj (.bss.sys_free)
                  202005d4    00000001     ST7735.o (.bss._ZL8ColStart)
                  202005d5    00000001     ST7735.o (.bss._ZL8RowStart)
                  202005d6    00000001     ST7735.o (.bss._ZL8TabColor)

.stack     0    20207e00    00000200     UNINITIALIZED
                  20207e00    00000004     libc.a : boot_cortex_m.c.obj (.stack)
                  20207e04    000001fc     --HOLE--

__llvm_prf_cnts 
*          0    20200000    00000000     UNINITIALIZED

__llvm_prf_bits 
*          0    20200000    00000000     UNINITIALIZED

MODULE SUMMARY

       Module                         code   ro data   rw data
       ------                         ----   -------   -------
    .\
       ST7735.o                       2070   1449      17     
       Clock.o                        516    0         4      
       SPI.o                          440    0         0      
       LaunchPad.o                    180    0         0      
       Lab9HMain.o                    118    4         20     
       TExaS.o                        64     0         8      
       SlidePot.o                     14     0         0      
       Sound.o                        2      0         0      
    +--+------------------------------+------+---------+---------+
       Total:                         3404   1453      49     
                                                              
    .\ticlang\
       startup_mspm0g3507_ticlang.o   12     192       0      
    +--+------------------------------+------+---------+---------+
       Total:                         12     192       0      
                                                              
    C:\ti\ccs1260\ccs\tools\compiler\ti-cgt-armllvm_3.2.1.LTS\lib\armv6m-ti-none-eabi/c/libc.a
       memory.c.obj                   730    0         5      
       fopen.c.obj                    568    0         0      
       defs.c.obj                     0      0         404    
       setvbuf.c.obj                  220    0         0      
       getdevice.c.obj                160    0         0      
       fclose.c.obj                   124    0         0      
       copy_decompress_lzss.c.obj     120    0         0      
       autoinit.c.obj                 84     0         0      
       fflush.c.obj                   82     0         0      
       exit.c.obj                     56     0         8      
       boot_cortex_m.c.obj            40     0         0      
       copy_zero_init.c.obj           22     0         0      
       copy_decompress_none.c.obj     18     0         0      
       memcpy16.S.obj                 18     0         0      
       memset16.S.obj                 14     0         0      
       _lock.c.obj                    2      0         8      
       pre_init.c.obj                 4      0         0      
    +--+------------------------------+------+---------+---------+
       Total:                         2262   0         425    
                                                              
    C:\ti\ccs1260\ccs\tools\compiler\ti-cgt-armllvm_3.2.1.LTS\lib\armv6m-ti-none-eabi/c/libsysbm.a
       trgmsg.c.obj                   104    0         288    
       add_device.c.obj               236    0         1      
       host_device.c.obj              0      0         200    
       open.c.obj                     168    0         1      
       hostrename.c.obj               140    0         0      
       hostlseek.c.obj                108    0         0      
       hostopen.c.obj                 96     0         8      
       hostread.c.obj                 88     0         0      
       hostwrite.c.obj                88     0         0      
       close.c.obj                    80     0         0      
       hostclose.c.obj                72     0         0      
       hostunlink.c.obj               72     0         0      
       unlink.c.obj                   44     0         0      
       write.c.obj                    40     0         0      
       remove.c.obj                   8      0         0      
    +--+------------------------------+------+---------+---------+
       Total:                         1344   0         498    
                                                              
    C:\ti\ccs1260\ccs\tools\compiler\ti-cgt-armllvm_3.2.1.LTS\lib\clang/15.0.7/lib/armv6m-ti-none-eabi/libclang_rt.builtins.a
       aeabi_uidivmod.S.obj           64     0         0      
       aeabi_memset.S.obj             12     0         0      
       aeabi_memcpy.S.obj             8      0         0      
       aeabi_div0.c.obj               2      0         0      
    +--+------------------------------+------+---------+---------+
       Total:                         86     0         0      
                                                              
       Heap:                          0      0         512    
       Stack:                         0      0         512    
       Linker Generated:              0      142       0      
    +--+------------------------------+------+---------+---------+
       Grand Total:                   7108   1787      1996   


LINKER GENERATED COPY TABLES

__TI_cinit_table @ 000022c0 records: 2, size/record: 8, table size: 16
	.data: load addr=00002240, load size=0000006a bytes, run addr=20200200, run size=000001fd bytes, compression=lzss
	.bss: load addr=000022b8, load size=00000008 bytes, run addr=20200400, run size=000001d7 bytes, compression=zero_init


LINKER GENERATED HANDLER TABLE

__TI_handler_table @ 000022ac records: 3, size/record: 4, table size: 12
	index: 0, handler: __TI_decompress_lzss
	index: 1, handler: __TI_decompress_none
	index: 2, handler: __TI_zero_init


GLOBAL SYMBOLS: SORTED ALPHABETICALLY BY Name 

address   name                        
-------   ----                        
00001c75  ADC0_IRQHandler             
00001c75  ADC1_IRQHandler             
00001c75  AES_IRQHandler              
202003d4  BusFreq                     
00001c84  C$$EXIT                     
000018fd  C$$IO$$                     
00001c75  CANFD0_IRQHandler           
00001c75  DAC0_IRQHandler             
00001c75  DMA_IRQHandler              
00001c75  Default_Handler             
00001c75  GROUP0_IRQHandler           
00001c75  GROUP1_IRQHandler           
0000154d  HOSTclose                   
000011a1  HOSTlseek                   
00001345  HOSTopen                    
000013a5  HOSTread                    
0000120d  HOSTrename                  
00001595  HOSTunlink                  
000013fd  HOSTwrite                   
00001c79  HardFault_Handler           
00001c75  I2C0_IRQHandler             
00001c75  I2C1_IRQHandler             
00001c75  NMI_Handler                 
00001c75  PendSV_Handler              
00001c75  RTC_IRQHandler              
00001c7d  Reset_Handler               
00002238  SHT$$INIT_ARRAY$$Base       
0000223c  SHT$$INIT_ARRAY$$Limit      
00001c75  SPI0_IRQHandler             
00001c75  SPI1_IRQHandler             
00001c75  SVC_Handler                 
202003b8  Sensor                      
202003ec  StTextColor                 
202003d8  StX                         
202003dc  StY                         
00000d7f  SysTick_Handler             
202005c8  TExaSLogic                  
202005cc  TExaSadc                    
00001c75  TIMA0_IRQHandler            
00001c75  TIMA1_IRQHandler            
00001c75  TIMG0_IRQHandler            
00001a25  TIMG12_IRQHandler           
00001c75  TIMG6_IRQHandler            
00001625  TIMG7_IRQHandler            
00001c75  TIMG8_IRQHandler            
00001b91  TI_memcpy_small             
00001bfd  TI_memset_small             
00001c75  UART0_IRQHandler            
00001c75  UART1_IRQHandler            
00001c75  UART2_IRQHandler            
00001c75  UART3_IRQHandler            
20200400  _CIOBUF_                    
00001c0d  _Z10Clock_Freqv             
00001bb5  _Z11Clock_Delayj            
00001725  _Z11SPI_OutDatac            
00001b3d  _Z11ST7735_openPKcji        
00001b53  _Z11ST7735_readiPcj         
00000e1d  _Z12ST7735_InitR10initRFlags
00001c3d  _Z12ST7735_closei           
00001bd3  _Z12ST7735_lseekili         
000017cd  _Z12ST7735_writeiPKcj       
00001c19  _Z13ST7735_renamePKcS0_     
00001c47  _Z13ST7735_unlinkPKc        
00001801  _Z14Clock_Delay1msj         
00000fc1  _Z14LaunchPad_Initv         
000015dd  _Z14SPI_OutCommandc         
00000b65  _Z14ST7735_OutCharc         
0000175d  _Z15ActivatePortA_Bv        
000000c1  _Z15Clock_Init80MHzi        
000006a1  _Z15ST7735_FillRectsssst    
00000275  _Z16ST7735_DrawCharSsscssh  
00001131  _Z16ST7735_DrawPixelsst     
00001835  _Z16ST7735_SetCursorjj      
00000f3d  _Z17ST7735_DrawStringttPcs  
000019cd  _Z17ST7735_FillScreent      
00000d81  _Z17ST7735_InitPrintfv      
00001c51  _Z8PLL_Initv                
000007b9  _Z8SPI_Initv                
00001665  _Z9SPI_Resetv               
00001be1  _ZN8SlidePotC1Ejj           
00001be1  _ZN8SlidePotC2Ejj           
20200400  __CIOBUF_                   
20208000  __STACK_END                 
00000200  __STACK_SIZE                
00000200  __SYSMEM_SIZE               
00000000  __TI_ATRegion0_region_sz    
00000000  __TI_ATRegion0_src_addr     
00000000  __TI_ATRegion0_trg_addr     
00000000  __TI_ATRegion1_region_sz    
00000000  __TI_ATRegion1_src_addr     
00000000  __TI_ATRegion1_trg_addr     
00000000  __TI_ATRegion2_region_sz    
00000000  __TI_ATRegion2_src_addr     
00000000  __TI_ATRegion2_trg_addr     
000022c0  __TI_CINIT_Base             
000022d0  __TI_CINIT_Limit            
000022d0  __TI_CINIT_Warm             
000022ac  __TI_Handler_Table_Base     
000022b8  __TI_Handler_Table_Limit    
00001455  __TI_auto_init_nobinit      
00001869  __TI_cleanup                
202003cc  __TI_cleanup_ptr            
0000103d  __TI_closefile              
000010b9  __TI_decompress_lzss        
00001ba3  __TI_decompress_none        
000014a9  __TI_doflush                
202003d0  __TI_dtors_ptr              
202003e0  __TI_ft_end                 
ffffffff  __TI_pprof_out_hndl         
ffffffff  __TI_prof_data_size         
ffffffff  __TI_prof_data_start        
0000189d  __TI_readmsg                
00000000  __TI_static_base__          
20200520  __TI_tmpnams                
000018d1  __TI_writemsg               
00001b69  __TI_zero_init_nomemset     
000014fb  __aeabi_idiv0               
00001c25  __aeabi_memclr              
00001c25  __aeabi_memclr4             
00001c25  __aeabi_memclr8             
00001c65  __aeabi_memcpy              
00001c65  __aeabi_memcpy4             
00001c65  __aeabi_memcpy8             
000016a5  __aeabi_uidiv               
000016a5  __aeabi_uidivmod            
ffffffff  __binit__                   
UNDEFED   __mpu_init                  
20207e00  __stack                     
20200000  __start___llvm_prf_bits     
20200000  __start___llvm_prf_cnts     
20200000  __stop___llvm_prf_bits      
20200000  __stop___llvm_prf_cnts      
00001a9d  _c_int00_noargs             
202002f0  _device                     
20200200  _ftable                     
202003e4  _lock                       
00001b07  _nop                        
20200368  _stream                     
20200000  _sys_memory                 
UNDEFED   _system_post_cinit          
00001c81  _system_pre_init            
202003e8  _unlock                     
00001c85  abort                       
000008b1  add_device                  
00000575  aligned_alloc               
ffffffff  binit                       
000014fd  close                       
00001905  exit                        
00001795  finddevice                  
0000199d  fopen                       
0000099d  free                        
00001939  freopen                     
00001279  getdevice                   
00000000  interruptVectors            
00001ac5  main                        
00001c31  malloc                      
00000575  memalign                    
00000c35  open                        
202005c0  parmbuf                     
00001c6d  remove                      
00000a89  setvbuf                     
000019f9  unlink                      
00001a75  write                       


GLOBAL SYMBOLS: SORTED BY Symbol Address 

address   name                        
-------   ----                        
00000000  __TI_ATRegion0_region_sz    
00000000  __TI_ATRegion0_src_addr     
00000000  __TI_ATRegion0_trg_addr     
00000000  __TI_ATRegion1_region_sz    
00000000  __TI_ATRegion1_src_addr     
00000000  __TI_ATRegion1_trg_addr     
00000000  __TI_ATRegion2_region_sz    
00000000  __TI_ATRegion2_src_addr     
00000000  __TI_ATRegion2_trg_addr     
00000000  __TI_static_base__          
00000000  interruptVectors            
000000c1  _Z15Clock_Init80MHzi        
00000200  __STACK_SIZE                
00000200  __SYSMEM_SIZE               
00000275  _Z16ST7735_DrawCharSsscssh  
00000575  aligned_alloc               
00000575  memalign                    
000006a1  _Z15ST7735_FillRectsssst    
000007b9  _Z8SPI_Initv                
000008b1  add_device                  
0000099d  free                        
00000a89  setvbuf                     
00000b65  _Z14ST7735_OutCharc         
00000c35  open                        
00000d7f  SysTick_Handler             
00000d81  _Z17ST7735_InitPrintfv      
00000e1d  _Z12ST7735_InitR10initRFlags
00000f3d  _Z17ST7735_DrawStringttPcs  
00000fc1  _Z14LaunchPad_Initv         
0000103d  __TI_closefile              
000010b9  __TI_decompress_lzss        
00001131  _Z16ST7735_DrawPixelsst     
000011a1  HOSTlseek                   
0000120d  HOSTrename                  
00001279  getdevice                   
00001345  HOSTopen                    
000013a5  HOSTread                    
000013fd  HOSTwrite                   
00001455  __TI_auto_init_nobinit      
000014a9  __TI_doflush                
000014fb  __aeabi_idiv0               
000014fd  close                       
0000154d  HOSTclose                   
00001595  HOSTunlink                  
000015dd  _Z14SPI_OutCommandc         
00001625  TIMG7_IRQHandler            
00001665  _Z9SPI_Resetv               
000016a5  __aeabi_uidiv               
000016a5  __aeabi_uidivmod            
00001725  _Z11SPI_OutDatac            
0000175d  _Z15ActivatePortA_Bv        
00001795  finddevice                  
000017cd  _Z12ST7735_writeiPKcj       
00001801  _Z14Clock_Delay1msj         
00001835  _Z16ST7735_SetCursorjj      
00001869  __TI_cleanup                
0000189d  __TI_readmsg                
000018d1  __TI_writemsg               
000018fd  C$$IO$$                     
00001905  exit                        
00001939  freopen                     
0000199d  fopen                       
000019cd  _Z17ST7735_FillScreent      
000019f9  unlink                      
00001a25  TIMG12_IRQHandler           
00001a75  write                       
00001a9d  _c_int00_noargs             
00001ac5  main                        
00001b07  _nop                        
00001b3d  _Z11ST7735_openPKcji        
00001b53  _Z11ST7735_readiPcj         
00001b69  __TI_zero_init_nomemset     
00001b91  TI_memcpy_small             
00001ba3  __TI_decompress_none        
00001bb5  _Z11Clock_Delayj            
00001bd3  _Z12ST7735_lseekili         
00001be1  _ZN8SlidePotC1Ejj           
00001be1  _ZN8SlidePotC2Ejj           
00001bfd  TI_memset_small             
00001c0d  _Z10Clock_Freqv             
00001c19  _Z13ST7735_renamePKcS0_     
00001c25  __aeabi_memclr              
00001c25  __aeabi_memclr4             
00001c25  __aeabi_memclr8             
00001c31  malloc                      
00001c3d  _Z12ST7735_closei           
00001c47  _Z13ST7735_unlinkPKc        
00001c51  _Z8PLL_Initv                
00001c65  __aeabi_memcpy              
00001c65  __aeabi_memcpy4             
00001c65  __aeabi_memcpy8             
00001c6d  remove                      
00001c75  ADC0_IRQHandler             
00001c75  ADC1_IRQHandler             
00001c75  AES_IRQHandler              
00001c75  CANFD0_IRQHandler           
00001c75  DAC0_IRQHandler             
00001c75  DMA_IRQHandler              
00001c75  Default_Handler             
00001c75  GROUP0_IRQHandler           
00001c75  GROUP1_IRQHandler           
00001c75  I2C0_IRQHandler             
00001c75  I2C1_IRQHandler             
00001c75  NMI_Handler                 
00001c75  PendSV_Handler              
00001c75  RTC_IRQHandler              
00001c75  SPI0_IRQHandler             
00001c75  SPI1_IRQHandler             
00001c75  SVC_Handler                 
00001c75  TIMA0_IRQHandler            
00001c75  TIMA1_IRQHandler            
00001c75  TIMG0_IRQHandler            
00001c75  TIMG6_IRQHandler            
00001c75  TIMG8_IRQHandler            
00001c75  UART0_IRQHandler            
00001c75  UART1_IRQHandler            
00001c75  UART2_IRQHandler            
00001c75  UART3_IRQHandler            
00001c79  HardFault_Handler           
00001c7d  Reset_Handler               
00001c81  _system_pre_init            
00001c84  C$$EXIT                     
00001c85  abort                       
00002238  SHT$$INIT_ARRAY$$Base       
0000223c  SHT$$INIT_ARRAY$$Limit      
000022ac  __TI_Handler_Table_Base     
000022b8  __TI_Handler_Table_Limit    
000022c0  __TI_CINIT_Base             
000022d0  __TI_CINIT_Limit            
000022d0  __TI_CINIT_Warm             
20200000  __start___llvm_prf_bits     
20200000  __start___llvm_prf_cnts     
20200000  __stop___llvm_prf_bits      
20200000  __stop___llvm_prf_cnts      
20200000  _sys_memory                 
20200200  _ftable                     
202002f0  _device                     
20200368  _stream                     
202003b8  Sensor                      
202003cc  __TI_cleanup_ptr            
202003d0  __TI_dtors_ptr              
202003d4  BusFreq                     
202003d8  StX                         
202003dc  StY                         
202003e0  __TI_ft_end                 
202003e4  _lock                       
202003e8  _unlock                     
202003ec  StTextColor                 
20200400  _CIOBUF_                    
20200400  __CIOBUF_                   
20200520  __TI_tmpnams                
202005c0  parmbuf                     
202005c8  TExaSLogic                  
202005cc  TExaSadc                    
20207e00  __stack                     
20208000  __STACK_END                 
ffffffff  __TI_pprof_out_hndl         
ffffffff  __TI_prof_data_size         
ffffffff  __TI_prof_data_start        
ffffffff  __binit__                   
ffffffff  binit                       
UNDEFED   __mpu_init                  
UNDEFED   _system_post_cinit          

[163 symbols]
