<?xml version="1.0" encoding="ISO-8859-1" ?>
<link_info>
   <banner>TI ARM Clang Linker PC v3.2.1.LTS</banner>
   <copyright>Copyright (c) 1996-2018 Texas Instruments Incorporated</copyright>
   <link_time>0x662303ea</link_time>
   <link_errors>0x0</link_errors>
   <output_file>C:\Users\Iyer_\Downloads\MSPM0_ValvanoWare\MSPM0_ValvanoWare\ECE319K_Lab9H\Debug\ECE319K_Lab9H.out</output_file>
   <entry_point>
      <name>_c_int00_noargs</name>
      <address>0x1a9d</address>
   </entry_point>
   <input_file_list>
      <input_file id="fl-1">
         <path>C:\Users\Iyer_\Downloads\MSPM0_ValvanoWare\MSPM0_ValvanoWare\ECE319K_Lab9H\Debug\.\</path>
         <kind>object</kind>
         <file>Clock.o</file>
         <name>Clock.o</name>
      </input_file>
      <input_file id="fl-2">
         <path>C:\Users\Iyer_\Downloads\MSPM0_ValvanoWare\MSPM0_ValvanoWare\ECE319K_Lab9H\Debug\.\</path>
         <kind>object</kind>
         <file>DAC5.o</file>
         <name>DAC5.o</name>
      </input_file>
      <input_file id="fl-3">
         <path>C:\Users\Iyer_\Downloads\MSPM0_ValvanoWare\MSPM0_ValvanoWare\ECE319K_Lab9H\Debug\.\</path>
         <kind>object</kind>
         <file>Key.o</file>
         <name>Key.o</name>
      </input_file>
      <input_file id="fl-4">
         <path>C:\Users\Iyer_\Downloads\MSPM0_ValvanoWare\MSPM0_ValvanoWare\ECE319K_Lab9H\Debug\.\</path>
         <kind>object</kind>
         <file>LED.o</file>
         <name>LED.o</name>
      </input_file>
      <input_file id="fl-5">
         <path>C:\Users\Iyer_\Downloads\MSPM0_ValvanoWare\MSPM0_ValvanoWare\ECE319K_Lab9H\Debug\.\</path>
         <kind>object</kind>
         <file>Lab9HMain.o</file>
         <name>Lab9HMain.o</name>
      </input_file>
      <input_file id="fl-6">
         <path>C:\Users\Iyer_\Downloads\MSPM0_ValvanoWare\MSPM0_ValvanoWare\ECE319K_Lab9H\Debug\.\</path>
         <kind>object</kind>
         <file>LaunchPad.o</file>
         <name>LaunchPad.o</name>
      </input_file>
      <input_file id="fl-7">
         <path>C:\Users\Iyer_\Downloads\MSPM0_ValvanoWare\MSPM0_ValvanoWare\ECE319K_Lab9H\Debug\.\</path>
         <kind>object</kind>
         <file>Row.o</file>
         <name>Row.o</name>
      </input_file>
      <input_file id="fl-8">
         <path>C:\Users\Iyer_\Downloads\MSPM0_ValvanoWare\MSPM0_ValvanoWare\ECE319K_Lab9H\Debug\.\</path>
         <kind>object</kind>
         <file>SPI.o</file>
         <name>SPI.o</name>
      </input_file>
      <input_file id="fl-9">
         <path>C:\Users\Iyer_\Downloads\MSPM0_ValvanoWare\MSPM0_ValvanoWare\ECE319K_Lab9H\Debug\.\</path>
         <kind>object</kind>
         <file>ST7735.o</file>
         <name>ST7735.o</name>
      </input_file>
      <input_file id="fl-a">
         <path>C:\Users\Iyer_\Downloads\MSPM0_ValvanoWare\MSPM0_ValvanoWare\ECE319K_Lab9H\Debug\.\</path>
         <kind>object</kind>
         <file>SlidePot.o</file>
         <name>SlidePot.o</name>
      </input_file>
      <input_file id="fl-b">
         <path>C:\Users\Iyer_\Downloads\MSPM0_ValvanoWare\MSPM0_ValvanoWare\ECE319K_Lab9H\Debug\.\</path>
         <kind>object</kind>
         <file>SmallFont.o</file>
         <name>SmallFont.o</name>
      </input_file>
      <input_file id="fl-c">
         <path>C:\Users\Iyer_\Downloads\MSPM0_ValvanoWare\MSPM0_ValvanoWare\ECE319K_Lab9H\Debug\.\</path>
         <kind>object</kind>
         <file>Sound.o</file>
         <name>Sound.o</name>
      </input_file>
      <input_file id="fl-d">
         <path>C:\Users\Iyer_\Downloads\MSPM0_ValvanoWare\MSPM0_ValvanoWare\ECE319K_Lab9H\Debug\.\</path>
         <kind>object</kind>
         <file>Switch.o</file>
         <name>Switch.o</name>
      </input_file>
      <input_file id="fl-e">
         <path>C:\Users\Iyer_\Downloads\MSPM0_ValvanoWare\MSPM0_ValvanoWare\ECE319K_Lab9H\Debug\.\</path>
         <kind>object</kind>
         <file>TExaS.o</file>
         <name>TExaS.o</name>
      </input_file>
      <input_file id="fl-f">
         <path>C:\Users\Iyer_\Downloads\MSPM0_ValvanoWare\MSPM0_ValvanoWare\ECE319K_Lab9H\Debug\.\</path>
         <kind>object</kind>
         <file>Timer.o</file>
         <name>Timer.o</name>
      </input_file>
      <input_file id="fl-10">
         <path>C:\Users\Iyer_\Downloads\MSPM0_ValvanoWare\MSPM0_ValvanoWare\ECE319K_Lab9H\Debug\.\images\pipedreams\</path>
         <kind>object</kind>
         <file>PipeSound.o</file>
         <name>PipeSound.o</name>
      </input_file>
      <input_file id="fl-11">
         <path>C:\Users\Iyer_\Downloads\MSPM0_ValvanoWare\MSPM0_ValvanoWare\ECE319K_Lab9H\Debug\.\ticlang\</path>
         <kind>object</kind>
         <file>startup_mspm0g3507_ticlang.o</file>
         <name>startup_mspm0g3507_ticlang.o</name>
      </input_file>
      <input_file id="fl-1d">
         <path>C:\Users\Iyer_\Downloads\MSPM0_ValvanoWare\MSPM0_ValvanoWare\ECE319K_Lab9H\Debug\</path>
         <kind>object</kind>
         <file>&lt;internal&gt;</file>
         <name>&lt;internal&gt;</name>
      </input_file>
      <input_file id="fl-2c">
         <path>C:\ti\ccs1260\ccs\tools\compiler\ti-cgt-armllvm_3.2.1.LTS\lib\armv6m-ti-none-eabi\c\</path>
         <kind>archive</kind>
         <file>libc.a</file>
         <name>fopen.c.obj</name>
      </input_file>
      <input_file id="fl-2d">
         <path>C:\ti\ccs1260\ccs\tools\compiler\ti-cgt-armllvm_3.2.1.LTS\lib\armv6m-ti-none-eabi\c\</path>
         <kind>archive</kind>
         <file>libc.a</file>
         <name>setvbuf.c.obj</name>
      </input_file>
      <input_file id="fl-2e">
         <path>C:\ti\ccs1260\ccs\tools\compiler\ti-cgt-armllvm_3.2.1.LTS\lib\armv6m-ti-none-eabi\c\</path>
         <kind>archive</kind>
         <file>libc.a</file>
         <name>aeabi_portable.c.obj</name>
      </input_file>
      <input_file id="fl-2f">
         <path>C:\ti\ccs1260\ccs\tools\compiler\ti-cgt-armllvm_3.2.1.LTS\lib\armv6m-ti-none-eabi\c\</path>
         <kind>archive</kind>
         <file>libc.a</file>
         <name>exit.c.obj</name>
      </input_file>
      <input_file id="fl-30">
         <path>C:\ti\ccs1260\ccs\tools\compiler\ti-cgt-armllvm_3.2.1.LTS\lib\armv6m-ti-none-eabi\c\</path>
         <kind>archive</kind>
         <file>libc.a</file>
         <name>_lock.c.obj</name>
      </input_file>
      <input_file id="fl-31">
         <path>C:\ti\ccs1260\ccs\tools\compiler\ti-cgt-armllvm_3.2.1.LTS\lib\armv6m-ti-none-eabi\c\</path>
         <kind>archive</kind>
         <file>libc.a</file>
         <name>assert.c.obj</name>
      </input_file>
      <input_file id="fl-32">
         <path>C:\ti\ccs1260\ccs\tools\compiler\ti-cgt-armllvm_3.2.1.LTS\lib\armv6m-ti-none-eabi\c\</path>
         <kind>archive</kind>
         <file>libc.a</file>
         <name>defs.c.obj</name>
      </input_file>
      <input_file id="fl-33">
         <path>C:\ti\ccs1260\ccs\tools\compiler\ti-cgt-armllvm_3.2.1.LTS\lib\armv6m-ti-none-eabi\c\</path>
         <kind>archive</kind>
         <file>libc.a</file>
         <name>memory.c.obj</name>
      </input_file>
      <input_file id="fl-34">
         <path>C:\ti\ccs1260\ccs\tools\compiler\ti-cgt-armllvm_3.2.1.LTS\lib\armv6m-ti-none-eabi\c\</path>
         <kind>archive</kind>
         <file>libc.a</file>
         <name>abs.c.obj</name>
      </input_file>
      <input_file id="fl-35">
         <path>C:\ti\ccs1260\ccs\tools\compiler\ti-cgt-armllvm_3.2.1.LTS\lib\armv6m-ti-none-eabi\c\</path>
         <kind>archive</kind>
         <file>libc.a</file>
         <name>copy_zero_init.c.obj</name>
      </input_file>
      <input_file id="fl-36">
         <path>C:\ti\ccs1260\ccs\tools\compiler\ti-cgt-armllvm_3.2.1.LTS\lib\armv6m-ti-none-eabi\c\</path>
         <kind>archive</kind>
         <file>libc.a</file>
         <name>copy_decompress_none.c.obj</name>
      </input_file>
      <input_file id="fl-37">
         <path>C:\ti\ccs1260\ccs\tools\compiler\ti-cgt-armllvm_3.2.1.LTS\lib\armv6m-ti-none-eabi\c\</path>
         <kind>archive</kind>
         <file>libc.a</file>
         <name>copy_decompress_lzss.c.obj</name>
      </input_file>
      <input_file id="fl-38">
         <path>C:\ti\ccs1260\ccs\tools\compiler\ti-cgt-armllvm_3.2.1.LTS\lib\armv6m-ti-none-eabi\c\</path>
         <kind>archive</kind>
         <file>libc.a</file>
         <name>boot_cortex_m.c.obj</name>
      </input_file>
      <input_file id="fl-39">
         <path>C:\ti\ccs1260\ccs\tools\compiler\ti-cgt-armllvm_3.2.1.LTS\lib\armv6m-ti-none-eabi\c\</path>
         <kind>archive</kind>
         <file>libc.a</file>
         <name>mathacl_init.c.obj</name>
      </input_file>
      <input_file id="fl-3a">
         <path>C:\ti\ccs1260\ccs\tools\compiler\ti-cgt-armllvm_3.2.1.LTS\lib\armv6m-ti-none-eabi\c\</path>
         <kind>archive</kind>
         <file>libc.a</file>
         <name>sprintf.c.obj</name>
      </input_file>
      <input_file id="fl-3b">
         <path>C:\ti\ccs1260\ccs\tools\compiler\ti-cgt-armllvm_3.2.1.LTS\lib\armv6m-ti-none-eabi\c\</path>
         <kind>archive</kind>
         <file>libc.a</file>
         <name>fclose.c.obj</name>
      </input_file>
      <input_file id="fl-3c">
         <path>C:\ti\ccs1260\ccs\tools\compiler\ti-cgt-armllvm_3.2.1.LTS\lib\armv6m-ti-none-eabi\c\</path>
         <kind>archive</kind>
         <file>libc.a</file>
         <name>fflush.c.obj</name>
      </input_file>
      <input_file id="fl-3d">
         <path>C:\ti\ccs1260\ccs\tools\compiler\ti-cgt-armllvm_3.2.1.LTS\lib\armv6m-ti-none-eabi\c\</path>
         <kind>archive</kind>
         <file>libc.a</file>
         <name>fputs.c.obj</name>
      </input_file>
      <input_file id="fl-3e">
         <path>C:\ti\ccs1260\ccs\tools\compiler\ti-cgt-armllvm_3.2.1.LTS\lib\armv6m-ti-none-eabi\c\</path>
         <kind>archive</kind>
         <file>libc.a</file>
         <name>_io_perm.c.obj</name>
      </input_file>
      <input_file id="fl-3f">
         <path>C:\ti\ccs1260\ccs\tools\compiler\ti-cgt-armllvm_3.2.1.LTS\lib\armv6m-ti-none-eabi\c\</path>
         <kind>archive</kind>
         <file>libc.a</file>
         <name>args_main.c.obj</name>
      </input_file>
      <input_file id="fl-40">
         <path>C:\ti\ccs1260\ccs\tools\compiler\ti-cgt-armllvm_3.2.1.LTS\lib\armv6m-ti-none-eabi\c\</path>
         <kind>archive</kind>
         <file>libc.a</file>
         <name>autoinit.c.obj</name>
      </input_file>
      <input_file id="fl-41">
         <path>C:\ti\ccs1260\ccs\tools\compiler\ti-cgt-armllvm_3.2.1.LTS\lib\armv6m-ti-none-eabi\c\</path>
         <kind>archive</kind>
         <file>libc.a</file>
         <name>pre_init.c.obj</name>
      </input_file>
      <input_file id="fl-42">
         <path>C:\ti\ccs1260\ccs\tools\compiler\ti-cgt-armllvm_3.2.1.LTS\lib\armv6m-ti-none-eabi\c\</path>
         <kind>archive</kind>
         <file>libc.a</file>
         <name>cpy_tbl.c.obj</name>
      </input_file>
      <input_file id="fl-43">
         <path>C:\ti\ccs1260\ccs\tools\compiler\ti-cgt-armllvm_3.2.1.LTS\lib\armv6m-ti-none-eabi\c\</path>
         <kind>archive</kind>
         <file>libc.a</file>
         <name>_printfi.c.obj</name>
      </input_file>
      <input_file id="fl-44">
         <path>C:\ti\ccs1260\ccs\tools\compiler\ti-cgt-armllvm_3.2.1.LTS\lib\armv6m-ti-none-eabi\c\</path>
         <kind>archive</kind>
         <file>libc.a</file>
         <name>fseek.c.obj</name>
      </input_file>
      <input_file id="fl-45">
         <path>C:\ti\ccs1260\ccs\tools\compiler\ti-cgt-armllvm_3.2.1.LTS\lib\armv6m-ti-none-eabi\c\</path>
         <kind>archive</kind>
         <file>libc.a</file>
         <name>s_frexp.c.obj</name>
      </input_file>
      <input_file id="fl-46">
         <path>C:\ti\ccs1260\ccs\tools\compiler\ti-cgt-armllvm_3.2.1.LTS\lib\armv6m-ti-none-eabi\c\</path>
         <kind>archive</kind>
         <file>libc.a</file>
         <name>s_scalbn.c.obj</name>
      </input_file>
      <input_file id="fl-47">
         <path>C:\ti\ccs1260\ccs\tools\compiler\ti-cgt-armllvm_3.2.1.LTS\lib\armv6m-ti-none-eabi\c\</path>
         <kind>archive</kind>
         <file>libc.a</file>
         <name>_ltoa.c.obj</name>
      </input_file>
      <input_file id="fl-48">
         <path>C:\ti\ccs1260\ccs\tools\compiler\ti-cgt-armllvm_3.2.1.LTS\lib\armv6m-ti-none-eabi\c\</path>
         <kind>archive</kind>
         <file>libc.a</file>
         <name>atoi.c.obj</name>
      </input_file>
      <input_file id="fl-49">
         <path>C:\ti\ccs1260\ccs\tools\compiler\ti-cgt-armllvm_3.2.1.LTS\lib\armv6m-ti-none-eabi\c\</path>
         <kind>archive</kind>
         <file>libc.a</file>
         <name>memccpy.c.obj</name>
      </input_file>
      <input_file id="fl-4a">
         <path>C:\ti\ccs1260\ccs\tools\compiler\ti-cgt-armllvm_3.2.1.LTS\lib\armv6m-ti-none-eabi\c\</path>
         <kind>archive</kind>
         <file>libc.a</file>
         <name>wcslen.c.obj</name>
      </input_file>
      <input_file id="fl-4b">
         <path>C:\ti\ccs1260\ccs\tools\compiler\ti-cgt-armllvm_3.2.1.LTS\lib\armv6m-ti-none-eabi\c\</path>
         <kind>archive</kind>
         <file>libc.a</file>
         <name>aeabi_ctype.S.obj</name>
      </input_file>
      <input_file id="fl-b1">
         <path>C:\ti\ccs1260\ccs\tools\compiler\ti-cgt-armllvm_3.2.1.LTS\lib\armv6m-ti-none-eabi\</path>
         <kind>archive</kind>
         <file>libc++abi.a</file>
         <name>stdlib_new_delete.cpp.obj</name>
      </input_file>
      <input_file id="fl-b2">
         <path>C:\ti\ccs1260\ccs\tools\compiler\ti-cgt-armllvm_3.2.1.LTS\lib\armv6m-ti-none-eabi\</path>
         <kind>archive</kind>
         <file>libc++abi.a</file>
         <name>cxa_handlers.cpp.obj</name>
      </input_file>
      <input_file id="fl-b3">
         <path>C:\ti\ccs1260\ccs\tools\compiler\ti-cgt-armllvm_3.2.1.LTS\lib\armv6m-ti-none-eabi\</path>
         <kind>archive</kind>
         <file>libc++abi.a</file>
         <name>abort_message.cpp.obj</name>
      </input_file>
      <input_file id="fl-b4">
         <path>C:\ti\ccs1260\ccs\tools\compiler\ti-cgt-armllvm_3.2.1.LTS\lib\armv6m-ti-none-eabi\</path>
         <kind>archive</kind>
         <file>libc++abi.a</file>
         <name>cxa_default_handlers.cpp.obj</name>
      </input_file>
      <input_file id="fl-b5">
         <path>C:\ti\ccs1260\ccs\tools\compiler\ti-cgt-armllvm_3.2.1.LTS\lib\armv6m-ti-none-eabi\c\</path>
         <kind>archive</kind>
         <file>libsysbm.a</file>
         <name>write.c.obj</name>
      </input_file>
      <input_file id="fl-b6">
         <path>C:\ti\ccs1260\ccs\tools\compiler\ti-cgt-armllvm_3.2.1.LTS\lib\armv6m-ti-none-eabi\c\</path>
         <kind>archive</kind>
         <file>libsysbm.a</file>
         <name>host_device.c.obj</name>
      </input_file>
      <input_file id="fl-b7">
         <path>C:\ti\ccs1260\ccs\tools\compiler\ti-cgt-armllvm_3.2.1.LTS\lib\armv6m-ti-none-eabi\c\</path>
         <kind>archive</kind>
         <file>libsysbm.a</file>
         <name>remove.c.obj</name>
      </input_file>
      <input_file id="fl-b8">
         <path>C:\ti\ccs1260\ccs\tools\compiler\ti-cgt-armllvm_3.2.1.LTS\lib\armv6m-ti-none-eabi\c\</path>
         <kind>archive</kind>
         <file>libsysbm.a</file>
         <name>open.c.obj</name>
      </input_file>
      <input_file id="fl-b9">
         <path>C:\ti\ccs1260\ccs\tools\compiler\ti-cgt-armllvm_3.2.1.LTS\lib\armv6m-ti-none-eabi\c\</path>
         <kind>archive</kind>
         <file>libsysbm.a</file>
         <name>lseek.c.obj</name>
      </input_file>
      <input_file id="fl-ba">
         <path>C:\ti\ccs1260\ccs\tools\compiler\ti-cgt-armllvm_3.2.1.LTS\lib\armv6m-ti-none-eabi\c\</path>
         <kind>archive</kind>
         <file>libsysbm.a</file>
         <name>close.c.obj</name>
      </input_file>
      <input_file id="fl-bb">
         <path>C:\ti\ccs1260\ccs\tools\compiler\ti-cgt-armllvm_3.2.1.LTS\lib\armv6m-ti-none-eabi\c\</path>
         <kind>archive</kind>
         <file>libsysbm.a</file>
         <name>add_device.c.obj</name>
      </input_file>
      <input_file id="fl-bc">
         <path>C:\ti\ccs1260\ccs\tools\compiler\ti-cgt-armllvm_3.2.1.LTS\lib\armv6m-ti-none-eabi\c\</path>
         <kind>archive</kind>
         <file>libsysbm.a</file>
         <name>unlink.c.obj</name>
      </input_file>
      <input_file id="fl-bd">
         <path>C:\ti\ccs1260\ccs\tools\compiler\ti-cgt-armllvm_3.2.1.LTS\lib\armv6m-ti-none-eabi\c\</path>
         <kind>archive</kind>
         <file>libsysbm.a</file>
         <name>hostclose.c.obj</name>
      </input_file>
      <input_file id="fl-be">
         <path>C:\ti\ccs1260\ccs\tools\compiler\ti-cgt-armllvm_3.2.1.LTS\lib\armv6m-ti-none-eabi\c\</path>
         <kind>archive</kind>
         <file>libsysbm.a</file>
         <name>hostlseek.c.obj</name>
      </input_file>
      <input_file id="fl-bf">
         <path>C:\ti\ccs1260\ccs\tools\compiler\ti-cgt-armllvm_3.2.1.LTS\lib\armv6m-ti-none-eabi\c\</path>
         <kind>archive</kind>
         <file>libsysbm.a</file>
         <name>hostopen.c.obj</name>
      </input_file>
      <input_file id="fl-c0">
         <path>C:\ti\ccs1260\ccs\tools\compiler\ti-cgt-armllvm_3.2.1.LTS\lib\armv6m-ti-none-eabi\c\</path>
         <kind>archive</kind>
         <file>libsysbm.a</file>
         <name>hostread.c.obj</name>
      </input_file>
      <input_file id="fl-c1">
         <path>C:\ti\ccs1260\ccs\tools\compiler\ti-cgt-armllvm_3.2.1.LTS\lib\armv6m-ti-none-eabi\c\</path>
         <kind>archive</kind>
         <file>libsysbm.a</file>
         <name>hostrename.c.obj</name>
      </input_file>
      <input_file id="fl-c2">
         <path>C:\ti\ccs1260\ccs\tools\compiler\ti-cgt-armllvm_3.2.1.LTS\lib\armv6m-ti-none-eabi\c\</path>
         <kind>archive</kind>
         <file>libsysbm.a</file>
         <name>hostunlink.c.obj</name>
      </input_file>
      <input_file id="fl-c3">
         <path>C:\ti\ccs1260\ccs\tools\compiler\ti-cgt-armllvm_3.2.1.LTS\lib\armv6m-ti-none-eabi\c\</path>
         <kind>archive</kind>
         <file>libsysbm.a</file>
         <name>hostwrite.c.obj</name>
      </input_file>
      <input_file id="fl-c4">
         <path>C:\ti\ccs1260\ccs\tools\compiler\ti-cgt-armllvm_3.2.1.LTS\lib\armv6m-ti-none-eabi\c\</path>
         <kind>archive</kind>
         <file>libsysbm.a</file>
         <name>trgmsg.c.obj</name>
      </input_file>
      <input_file id="fl-c5">
         <path>C:\ti\ccs1260\ccs\tools\compiler\ti-cgt-armllvm_3.2.1.LTS\lib\clang\15.0.7\lib\armv6m-ti-none-eabi\</path>
         <kind>archive</kind>
         <file>libclang_rt.builtins.a</file>
         <name>adddf3.S.obj</name>
      </input_file>
      <input_file id="fl-c6">
         <path>C:\ti\ccs1260\ccs\tools\compiler\ti-cgt-armllvm_3.2.1.LTS\lib\clang\15.0.7\lib\armv6m-ti-none-eabi\</path>
         <kind>archive</kind>
         <file>libclang_rt.builtins.a</file>
         <name>muldf3.S.obj</name>
      </input_file>
      <input_file id="fl-c7">
         <path>C:\ti\ccs1260\ccs\tools\compiler\ti-cgt-armllvm_3.2.1.LTS\lib\clang\15.0.7\lib\armv6m-ti-none-eabi\</path>
         <kind>archive</kind>
         <file>libclang_rt.builtins.a</file>
         <name>muldsi3.S.obj</name>
      </input_file>
      <input_file id="fl-c8">
         <path>C:\ti\ccs1260\ccs\tools\compiler\ti-cgt-armllvm_3.2.1.LTS\lib\clang\15.0.7\lib\armv6m-ti-none-eabi\</path>
         <kind>archive</kind>
         <file>libclang_rt.builtins.a</file>
         <name>divdf3.S.obj</name>
      </input_file>
      <input_file id="fl-c9">
         <path>C:\ti\ccs1260\ccs\tools\compiler\ti-cgt-armllvm_3.2.1.LTS\lib\clang\15.0.7\lib\armv6m-ti-none-eabi\</path>
         <kind>archive</kind>
         <file>libclang_rt.builtins.a</file>
         <name>fixdfsi.S.obj</name>
      </input_file>
      <input_file id="fl-ca">
         <path>C:\ti\ccs1260\ccs\tools\compiler\ti-cgt-armllvm_3.2.1.LTS\lib\clang\15.0.7\lib\armv6m-ti-none-eabi\</path>
         <kind>archive</kind>
         <file>libclang_rt.builtins.a</file>
         <name>floatsidf.S.obj</name>
      </input_file>
      <input_file id="fl-cb">
         <path>C:\ti\ccs1260\ccs\tools\compiler\ti-cgt-armllvm_3.2.1.LTS\lib\clang\15.0.7\lib\armv6m-ti-none-eabi\</path>
         <kind>archive</kind>
         <file>libclang_rt.builtins.a</file>
         <name>floatunsidf.S.obj</name>
      </input_file>
      <input_file id="fl-cc">
         <path>C:\ti\ccs1260\ccs\tools\compiler\ti-cgt-armllvm_3.2.1.LTS\lib\clang\15.0.7\lib\armv6m-ti-none-eabi\</path>
         <kind>archive</kind>
         <file>libclang_rt.builtins.a</file>
         <name>muldi3.S.obj</name>
      </input_file>
      <input_file id="fl-cd">
         <path>C:\ti\ccs1260\ccs\tools\compiler\ti-cgt-armllvm_3.2.1.LTS\lib\clang\15.0.7\lib\armv6m-ti-none-eabi\</path>
         <kind>archive</kind>
         <file>libclang_rt.builtins.a</file>
         <name>truncdfsf2.S.obj</name>
      </input_file>
      <input_file id="fl-ce">
         <path>C:\ti\ccs1260\ccs\tools\compiler\ti-cgt-armllvm_3.2.1.LTS\lib\clang\15.0.7\lib\armv6m-ti-none-eabi\</path>
         <kind>archive</kind>
         <file>libclang_rt.builtins.a</file>
         <name>aeabi_dcmp.S.obj</name>
      </input_file>
      <input_file id="fl-cf">
         <path>C:\ti\ccs1260\ccs\tools\compiler\ti-cgt-armllvm_3.2.1.LTS\lib\clang\15.0.7\lib\armv6m-ti-none-eabi\</path>
         <kind>archive</kind>
         <file>libclang_rt.builtins.a</file>
         <name>aeabi_idivmod.S.obj</name>
      </input_file>
      <input_file id="fl-d0">
         <path>C:\ti\ccs1260\ccs\tools\compiler\ti-cgt-armllvm_3.2.1.LTS\lib\clang\15.0.7\lib\armv6m-ti-none-eabi\</path>
         <kind>archive</kind>
         <file>libclang_rt.builtins.a</file>
         <name>aeabi_memcpy.S.obj</name>
      </input_file>
      <input_file id="fl-d1">
         <path>C:\ti\ccs1260\ccs\tools\compiler\ti-cgt-armllvm_3.2.1.LTS\lib\clang\15.0.7\lib\armv6m-ti-none-eabi\</path>
         <kind>archive</kind>
         <file>libclang_rt.builtins.a</file>
         <name>aeabi_memset.S.obj</name>
      </input_file>
      <input_file id="fl-d2">
         <path>C:\ti\ccs1260\ccs\tools\compiler\ti-cgt-armllvm_3.2.1.LTS\lib\clang\15.0.7\lib\armv6m-ti-none-eabi\</path>
         <kind>archive</kind>
         <file>libclang_rt.builtins.a</file>
         <name>aeabi_uidivmod.S.obj</name>
      </input_file>
      <input_file id="fl-d3">
         <path>C:\ti\ccs1260\ccs\tools\compiler\ti-cgt-armllvm_3.2.1.LTS\lib\clang\15.0.7\lib\armv6m-ti-none-eabi\</path>
         <kind>archive</kind>
         <file>libclang_rt.builtins.a</file>
         <name>aeabi_uldivmod.S.obj</name>
      </input_file>
      <input_file id="fl-d4">
         <path>C:\ti\ccs1260\ccs\tools\compiler\ti-cgt-armllvm_3.2.1.LTS\lib\clang\15.0.7\lib\armv6m-ti-none-eabi\</path>
         <kind>archive</kind>
         <file>libclang_rt.builtins.a</file>
         <name>udivmoddi4.S.obj</name>
      </input_file>
      <input_file id="fl-d5">
         <path>C:\ti\ccs1260\ccs\tools\compiler\ti-cgt-armllvm_3.2.1.LTS\lib\clang\15.0.7\lib\armv6m-ti-none-eabi\</path>
         <kind>archive</kind>
         <file>libclang_rt.builtins.a</file>
         <name>ashldi3.S.obj</name>
      </input_file>
      <input_file id="fl-d6">
         <path>C:\ti\ccs1260\ccs\tools\compiler\ti-cgt-armllvm_3.2.1.LTS\lib\clang\15.0.7\lib\armv6m-ti-none-eabi\</path>
         <kind>archive</kind>
         <file>libclang_rt.builtins.a</file>
         <name>comparedf2.c.obj</name>
      </input_file>
      <input_file id="fl-d7">
         <path>C:\ti\ccs1260\ccs\tools\compiler\ti-cgt-armllvm_3.2.1.LTS\lib\clang\15.0.7\lib\armv6m-ti-none-eabi\</path>
         <kind>archive</kind>
         <file>libclang_rt.builtins.a</file>
         <name>aeabi_div0.c.obj</name>
      </input_file>
      <input_file id="fl-d8">
         <path>C:\ti\ccs1260\ccs\tools\compiler\ti-cgt-armllvm_3.2.1.LTS\lib\armv6m-ti-none-eabi\c\</path>
         <kind>archive</kind>
         <file>libc.a</file>
         <name>getdevice.c.obj</name>
      </input_file>
      <input_file id="fl-d9">
         <path>C:\ti\ccs1260\ccs\tools\compiler\ti-cgt-armllvm_3.2.1.LTS\lib\armv6m-ti-none-eabi\c\</path>
         <kind>archive</kind>
         <file>libc.a</file>
         <name>memcpy16.S.obj</name>
      </input_file>
      <input_file id="fl-da">
         <path>C:\ti\ccs1260\ccs\tools\compiler\ti-cgt-armllvm_3.2.1.LTS\lib\armv6m-ti-none-eabi\c\</path>
         <kind>archive</kind>
         <file>libc.a</file>
         <name>memset16.S.obj</name>
      </input_file>
   </input_file_list>
   <object_component_list>
      <object_component id="oc-18">
         <name>.intvecs</name>
         <load_address>0x0</load_address>
         <readonly>true</readonly>
         <run_address>0x0</run_address>
         <size>0xc0</size>
         <alignment>0x4</alignment>
         <input_file_ref idref="fl-11"/>
      </object_component>
      <object_component id="oc-cc">
         <name>.text._Z15Clock_Init80MHzi</name>
         <load_address>0xc0</load_address>
         <readonly>true</readonly>
         <executable>true</executable>
         <run_address>0xc0</run_address>
         <size>0x1b4</size>
         <alignment>0x4</alignment>
         <input_file_ref idref="fl-1"/>
      </object_component>
      <object_component id="oc-189">
         <name>.text._Z16ST7735_DrawCharSsscssh</name>
         <load_address>0x274</load_address>
         <readonly>true</readonly>
         <executable>true</executable>
         <run_address>0x274</run_address>
         <size>0x1a0</size>
         <alignment>0x4</alignment>
         <input_file_ref idref="fl-9"/>
      </object_component>
      <object_component id="oc-127">
         <name>.text._openfile</name>
         <load_address>0x414</load_address>
         <readonly>true</readonly>
         <executable>true</executable>
         <run_address>0x414</run_address>
         <size>0x160</size>
         <alignment>0x4</alignment>
         <input_file_ref idref="fl-2c"/>
      </object_component>
      <object_component id="oc-187">
         <name>.text.aligned_alloc</name>
         <load_address>0x574</load_address>
         <readonly>true</readonly>
         <executable>true</executable>
         <run_address>0x574</run_address>
         <size>0x12c</size>
         <alignment>0x4</alignment>
         <input_file_ref idref="fl-33"/>
      </object_component>
      <object_component id="oc-f3">
         <name>.text._Z15ST7735_FillRectsssst</name>
         <load_address>0x6a0</load_address>
         <readonly>true</readonly>
         <executable>true</executable>
         <run_address>0x6a0</run_address>
         <size>0x118</size>
         <alignment>0x4</alignment>
         <input_file_ref idref="fl-9"/>
      </object_component>
      <object_component id="oc-145">
         <name>.text._Z8SPI_Initv</name>
         <load_address>0x7b8</load_address>
         <readonly>true</readonly>
         <executable>true</executable>
         <run_address>0x7b8</run_address>
         <size>0xf8</size>
         <alignment>0x4</alignment>
         <input_file_ref idref="fl-8"/>
      </object_component>
      <object_component id="oc-d5">
         <name>.text.add_device</name>
         <load_address>0x8b0</load_address>
         <readonly>true</readonly>
         <executable>true</executable>
         <run_address>0x8b0</run_address>
         <size>0xec</size>
         <alignment>0x4</alignment>
         <input_file_ref idref="fl-bb"/>
      </object_component>
      <object_component id="oc-130">
         <name>.text.free</name>
         <load_address>0x99c</load_address>
         <readonly>true</readonly>
         <executable>true</executable>
         <run_address>0x99c</run_address>
         <size>0xec</size>
         <alignment>0x4</alignment>
         <input_file_ref idref="fl-33"/>
      </object_component>
      <object_component id="oc-e0">
         <name>.text.setvbuf</name>
         <load_address>0xa88</load_address>
         <readonly>true</readonly>
         <executable>true</executable>
         <run_address>0xa88</run_address>
         <size>0xdc</size>
         <alignment>0x4</alignment>
         <input_file_ref idref="fl-2d"/>
      </object_component>
      <object_component id="oc-137">
         <name>.text._Z14ST7735_OutCharc</name>
         <load_address>0xb64</load_address>
         <readonly>true</readonly>
         <executable>true</executable>
         <run_address>0xb64</run_address>
         <size>0xd0</size>
         <alignment>0x4</alignment>
         <input_file_ref idref="fl-9"/>
      </object_component>
      <object_component id="oc-16f">
         <name>.text.open</name>
         <load_address>0xc34</load_address>
         <readonly>true</readonly>
         <executable>true</executable>
         <run_address>0xc34</run_address>
         <size>0xa8</size>
         <alignment>0x4</alignment>
         <input_file_ref idref="fl-b8"/>
      </object_component>
      <object_component id="oc-10a">
         <name>.text._ZL11commandListPKh</name>
         <load_address>0xcdc</load_address>
         <readonly>true</readonly>
         <executable>true</executable>
         <run_address>0xcdc</run_address>
         <size>0xa2</size>
         <alignment>0x2</alignment>
         <input_file_ref idref="fl-9"/>
      </object_component>
      <object_component id="oc-38">
         <name>.text.SysTick_Handler</name>
         <load_address>0xd7e</load_address>
         <readonly>true</readonly>
         <executable>true</executable>
         <run_address>0xd7e</run_address>
         <size>0x2</size>
         <alignment>0x2</alignment>
         <input_file_ref idref="fl-c"/>
      </object_component>
      <object_component id="oc-a0">
         <name>.text._Z17ST7735_InitPrintfv</name>
         <load_address>0xd80</load_address>
         <readonly>true</readonly>
         <executable>true</executable>
         <run_address>0xd80</run_address>
         <size>0x9c</size>
         <alignment>0x4</alignment>
         <input_file_ref idref="fl-9"/>
      </object_component>
      <object_component id="oc-d4">
         <name>.text._Z12ST7735_InitR10initRFlags</name>
         <load_address>0xe1c</load_address>
         <readonly>true</readonly>
         <executable>true</executable>
         <run_address>0xe1c</run_address>
         <size>0x98</size>
         <alignment>0x4</alignment>
         <input_file_ref idref="fl-9"/>
      </object_component>
      <object_component id="oc-13b">
         <name>.text._ZL13setAddrWindowhhhh</name>
         <load_address>0xeb4</load_address>
         <readonly>true</readonly>
         <executable>true</executable>
         <run_address>0xeb4</run_address>
         <size>0x88</size>
         <alignment>0x4</alignment>
         <input_file_ref idref="fl-9"/>
      </object_component>
      <object_component id="oc-188">
         <name>.text._Z17ST7735_DrawStringttPcs</name>
         <load_address>0xf3c</load_address>
         <readonly>true</readonly>
         <executable>true</executable>
         <run_address>0xf3c</run_address>
         <size>0x84</size>
         <alignment>0x2</alignment>
         <input_file_ref idref="fl-9"/>
      </object_component>
      <object_component id="oc-9b">
         <name>.text._Z14LaunchPad_Initv</name>
         <load_address>0xfc0</load_address>
         <readonly>true</readonly>
         <executable>true</executable>
         <run_address>0xfc0</run_address>
         <size>0x7c</size>
         <alignment>0x4</alignment>
         <input_file_ref idref="fl-6"/>
      </object_component>
      <object_component id="oc-12a">
         <name>.text.__TI_closefile</name>
         <load_address>0x103c</load_address>
         <readonly>true</readonly>
         <executable>true</executable>
         <run_address>0x103c</run_address>
         <size>0x7c</size>
         <alignment>0x4</alignment>
         <input_file_ref idref="fl-3b"/>
      </object_component>
      <object_component id="oc-1c">
         <name>.text:decompress:lzss</name>
         <load_address>0x10b8</load_address>
         <readonly>true</readonly>
         <executable>true</executable>
         <run_address>0x10b8</run_address>
         <size>0x78</size>
         <alignment>0x4</alignment>
         <input_file_ref idref="fl-37"/>
      </object_component>
      <object_component id="oc-1c8">
         <name>.text._Z16ST7735_DrawPixelsst</name>
         <load_address>0x1130</load_address>
         <readonly>true</readonly>
         <executable>true</executable>
         <run_address>0x1130</run_address>
         <size>0x70</size>
         <alignment>0x4</alignment>
         <input_file_ref idref="fl-9"/>
      </object_component>
      <object_component id="oc-15d">
         <name>.text.HOSTlseek</name>
         <load_address>0x11a0</load_address>
         <readonly>true</readonly>
         <executable>true</executable>
         <run_address>0x11a0</run_address>
         <size>0x6c</size>
         <alignment>0x4</alignment>
         <input_file_ref idref="fl-be"/>
      </object_component>
      <object_component id="oc-165">
         <name>.text.HOSTrename</name>
         <load_address>0x120c</load_address>
         <readonly>true</readonly>
         <executable>true</executable>
         <run_address>0x120c</run_address>
         <size>0x6c</size>
         <alignment>0x4</alignment>
         <input_file_ref idref="fl-c1"/>
      </object_component>
      <object_component id="oc-1af">
         <name>.text.getdevice</name>
         <load_address>0x1278</load_address>
         <readonly>true</readonly>
         <executable>true</executable>
         <run_address>0x1278</run_address>
         <size>0x68</size>
         <alignment>0x4</alignment>
         <input_file_ref idref="fl-d8"/>
      </object_component>
      <object_component id="oc-1c6">
         <name>.text.split</name>
         <load_address>0x12e0</load_address>
         <readonly>true</readonly>
         <executable>true</executable>
         <run_address>0x12e0</run_address>
         <size>0x64</size>
         <alignment>0x4</alignment>
         <input_file_ref idref="fl-33"/>
      </object_component>
      <object_component id="oc-14d">
         <name>.text.HOSTopen</name>
         <load_address>0x1344</load_address>
         <readonly>true</readonly>
         <executable>true</executable>
         <run_address>0x1344</run_address>
         <size>0x60</size>
         <alignment>0x4</alignment>
         <input_file_ref idref="fl-bf"/>
      </object_component>
      <object_component id="oc-155">
         <name>.text.HOSTread</name>
         <load_address>0x13a4</load_address>
         <readonly>true</readonly>
         <executable>true</executable>
         <run_address>0x13a4</run_address>
         <size>0x58</size>
         <alignment>0x4</alignment>
         <input_file_ref idref="fl-c0"/>
      </object_component>
      <object_component id="oc-159">
         <name>.text.HOSTwrite</name>
         <load_address>0x13fc</load_address>
         <readonly>true</readonly>
         <executable>true</executable>
         <run_address>0x13fc</run_address>
         <size>0x58</size>
         <alignment>0x4</alignment>
         <input_file_ref idref="fl-c3"/>
      </object_component>
      <object_component id="oc-b3">
         <name>.text:__TI_auto_init_nobinit</name>
         <load_address>0x1454</load_address>
         <readonly>true</readonly>
         <executable>true</executable>
         <run_address>0x1454</run_address>
         <size>0x54</size>
         <alignment>0x4</alignment>
         <input_file_ref idref="fl-40"/>
      </object_component>
      <object_component id="oc-173">
         <name>.text.__TI_doflush</name>
         <load_address>0x14a8</load_address>
         <readonly>true</readonly>
         <executable>true</executable>
         <run_address>0x14a8</run_address>
         <size>0x52</size>
         <alignment>0x2</alignment>
         <input_file_ref idref="fl-3c"/>
      </object_component>
      <object_component id="oc-1ca">
         <name>.text.__aeabi_idiv0</name>
         <load_address>0x14fa</load_address>
         <readonly>true</readonly>
         <executable>true</executable>
         <run_address>0x14fa</run_address>
         <size>0x2</size>
         <alignment>0x2</alignment>
         <input_file_ref idref="fl-d7"/>
      </object_component>
      <object_component id="oc-179">
         <name>.text.close</name>
         <load_address>0x14fc</load_address>
         <readonly>true</readonly>
         <executable>true</executable>
         <run_address>0x14fc</run_address>
         <size>0x50</size>
         <alignment>0x4</alignment>
         <input_file_ref idref="fl-ba"/>
      </object_component>
      <object_component id="oc-151">
         <name>.text.HOSTclose</name>
         <load_address>0x154c</load_address>
         <readonly>true</readonly>
         <executable>true</executable>
         <run_address>0x154c</run_address>
         <size>0x48</size>
         <alignment>0x4</alignment>
         <input_file_ref idref="fl-bd"/>
      </object_component>
      <object_component id="oc-161">
         <name>.text.HOSTunlink</name>
         <load_address>0x1594</load_address>
         <readonly>true</readonly>
         <executable>true</executable>
         <run_address>0x1594</run_address>
         <size>0x48</size>
         <alignment>0x4</alignment>
         <input_file_ref idref="fl-c2"/>
      </object_component>
      <object_component id="oc-10b">
         <name>.text._Z14SPI_OutCommandc</name>
         <load_address>0x15dc</load_address>
         <readonly>true</readonly>
         <executable>true</executable>
         <run_address>0x15dc</run_address>
         <size>0x48</size>
         <alignment>0x4</alignment>
         <input_file_ref idref="fl-8"/>
      </object_component>
      <object_component id="oc-3d">
         <name>.text.TIMG7_IRQHandler</name>
         <load_address>0x1624</load_address>
         <readonly>true</readonly>
         <executable>true</executable>
         <run_address>0x1624</run_address>
         <size>0x40</size>
         <alignment>0x4</alignment>
         <input_file_ref idref="fl-e"/>
      </object_component>
      <object_component id="oc-190">
         <name>.text._Z9SPI_Resetv</name>
         <load_address>0x1664</load_address>
         <readonly>true</readonly>
         <executable>true</executable>
         <run_address>0x1664</run_address>
         <size>0x40</size>
         <alignment>0x4</alignment>
         <input_file_ref idref="fl-8"/>
      </object_component>
      <object_component id="oc-18c">
         <name>.text.__aeabi_uidivmod</name>
         <load_address>0x16a4</load_address>
         <readonly>true</readonly>
         <executable>true</executable>
         <run_address>0x16a4</run_address>
         <size>0x40</size>
         <alignment>0x4</alignment>
         <input_file_ref idref="fl-d2"/>
      </object_component>
      <object_component id="oc-126">
         <name>.text._search_fp</name>
         <load_address>0x16e4</load_address>
         <readonly>true</readonly>
         <executable>true</executable>
         <run_address>0x16e4</run_address>
         <size>0x40</size>
         <alignment>0x4</alignment>
         <input_file_ref idref="fl-2c"/>
      </object_component>
      <object_component id="oc-110">
         <name>.text._Z11SPI_OutDatac</name>
         <load_address>0x1724</load_address>
         <readonly>true</readonly>
         <executable>true</executable>
         <run_address>0x1724</run_address>
         <size>0x38</size>
         <alignment>0x4</alignment>
         <input_file_ref idref="fl-8"/>
      </object_component>
      <object_component id="oc-d1">
         <name>.text._Z15ActivatePortA_Bv</name>
         <load_address>0x175c</load_address>
         <readonly>true</readonly>
         <executable>true</executable>
         <run_address>0x175c</run_address>
         <size>0x38</size>
         <alignment>0x4</alignment>
         <input_file_ref idref="fl-6"/>
      </object_component>
      <object_component id="oc-11a">
         <name>.text.finddevice</name>
         <load_address>0x1794</load_address>
         <readonly>true</readonly>
         <executable>true</executable>
         <run_address>0x1794</run_address>
         <size>0x38</size>
         <alignment>0x4</alignment>
         <input_file_ref idref="fl-d8"/>
      </object_component>
      <object_component id="oc-e7">
         <name>.text._Z12ST7735_writeiPKcj</name>
         <load_address>0x17cc</load_address>
         <readonly>true</readonly>
         <executable>true</executable>
         <run_address>0x17cc</run_address>
         <size>0x34</size>
         <alignment>0x2</alignment>
         <input_file_ref idref="fl-9"/>
      </object_component>
      <object_component id="oc-146">
         <name>.text._Z14Clock_Delay1msj</name>
         <load_address>0x1800</load_address>
         <readonly>true</readonly>
         <executable>true</executable>
         <run_address>0x1800</run_address>
         <size>0x34</size>
         <alignment>0x4</alignment>
         <input_file_ref idref="fl-1"/>
      </object_component>
      <object_component id="oc-111">
         <name>.text._Z16ST7735_SetCursorjj</name>
         <load_address>0x1834</load_address>
         <readonly>true</readonly>
         <executable>true</executable>
         <run_address>0x1834</run_address>
         <size>0x34</size>
         <alignment>0x4</alignment>
         <input_file_ref idref="fl-9"/>
      </object_component>
      <object_component id="oc-133">
         <name>.text.__TI_cleanup</name>
         <load_address>0x1868</load_address>
         <readonly>true</readonly>
         <executable>true</executable>
         <run_address>0x1868</run_address>
         <size>0x34</size>
         <alignment>0x4</alignment>
         <input_file_ref idref="fl-2c"/>
      </object_component>
      <object_component id="oc-197">
         <name>.text.__TI_readmsg</name>
         <load_address>0x189c</load_address>
         <readonly>true</readonly>
         <executable>true</executable>
         <run_address>0x189c</run_address>
         <size>0x34</size>
         <alignment>0x4</alignment>
         <input_file_ref idref="fl-c4"/>
      </object_component>
      <object_component id="oc-191">
         <name>.text.__TI_writemsg</name>
         <load_address>0x18d0</load_address>
         <readonly>true</readonly>
         <executable>true</executable>
         <run_address>0x18d0</run_address>
         <size>0x34</size>
         <alignment>0x4</alignment>
         <input_file_ref idref="fl-c4"/>
      </object_component>
      <object_component id="oc-ab">
         <name>.text.exit</name>
         <load_address>0x1904</load_address>
         <readonly>true</readonly>
         <executable>true</executable>
         <run_address>0x1904</run_address>
         <size>0x34</size>
         <alignment>0x4</alignment>
         <input_file_ref idref="fl-2f"/>
      </object_component>
      <object_component id="oc-df">
         <name>.text.freopen</name>
         <load_address>0x1938</load_address>
         <readonly>true</readonly>
         <executable>true</executable>
         <run_address>0x1938</run_address>
         <size>0x34</size>
         <alignment>0x4</alignment>
         <input_file_ref idref="fl-2c"/>
      </object_component>
      <object_component id="oc-109">
         <name>.text._ZL10commonInitPKh</name>
         <load_address>0x196c</load_address>
         <readonly>true</readonly>
         <executable>true</executable>
         <run_address>0x196c</run_address>
         <size>0x30</size>
         <alignment>0x4</alignment>
         <input_file_ref idref="fl-9"/>
      </object_component>
      <object_component id="oc-d9">
         <name>.text.fopen</name>
         <load_address>0x199c</load_address>
         <readonly>true</readonly>
         <executable>true</executable>
         <run_address>0x199c</run_address>
         <size>0x30</size>
         <alignment>0x4</alignment>
         <input_file_ref idref="fl-2c"/>
      </object_component>
      <object_component id="oc-a5">
         <name>.text._Z17ST7735_FillScreent</name>
         <load_address>0x19cc</load_address>
         <readonly>true</readonly>
         <executable>true</executable>
         <run_address>0x19cc</run_address>
         <size>0x2c</size>
         <alignment>0x4</alignment>
         <input_file_ref idref="fl-9"/>
      </object_component>
      <object_component id="oc-1be">
         <name>.text.unlink</name>
         <load_address>0x19f8</load_address>
         <readonly>true</readonly>
         <executable>true</executable>
         <run_address>0x19f8</run_address>
         <size>0x2c</size>
         <alignment>0x4</alignment>
         <input_file_ref idref="fl-bc"/>
      </object_component>
      <object_component id="oc-42">
         <name>.text.TIMG12_IRQHandler</name>
         <load_address>0x1a24</load_address>
         <readonly>true</readonly>
         <executable>true</executable>
         <run_address>0x1a24</run_address>
         <size>0x28</size>
         <alignment>0x4</alignment>
         <input_file_ref idref="fl-5"/>
      </object_component>
      <object_component id="oc-186">
         <name>.text.free_list_insert</name>
         <load_address>0x1a4c</load_address>
         <readonly>true</readonly>
         <executable>true</executable>
         <run_address>0x1a4c</run_address>
         <size>0x28</size>
         <alignment>0x4</alignment>
         <input_file_ref idref="fl-33"/>
      </object_component>
      <object_component id="oc-1b5">
         <name>.text.write</name>
         <load_address>0x1a74</load_address>
         <readonly>true</readonly>
         <executable>true</executable>
         <run_address>0x1a74</run_address>
         <size>0x28</size>
         <alignment>0x4</alignment>
         <input_file_ref idref="fl-b5"/>
      </object_component>
      <object_component id="oc-62">
         <name>.text:_c_int00_noargs</name>
         <load_address>0x1a9c</load_address>
         <readonly>true</readonly>
         <executable>true</executable>
         <run_address>0x1a9c</run_address>
         <size>0x28</size>
         <alignment>0x4</alignment>
         <input_file_ref idref="fl-38"/>
      </object_component>
      <object_component id="oc-84">
         <name>.text.main</name>
         <load_address>0x1ac4</load_address>
         <readonly>true</readonly>
         <executable>true</executable>
         <run_address>0x1ac4</run_address>
         <size>0x24</size>
         <alignment>0x4</alignment>
         <input_file_ref idref="fl-5"/>
      </object_component>
      <object_component id="oc-1d9">
         <name>.text._ZL9pushColort</name>
         <load_address>0x1ae8</load_address>
         <readonly>true</readonly>
         <executable>true</executable>
         <run_address>0x1ae8</run_address>
         <size>0x1e</size>
         <alignment>0x2</alignment>
         <input_file_ref idref="fl-9"/>
      </object_component>
      <object_component id="oc-13c">
         <name>.text._nop</name>
         <load_address>0x1b06</load_address>
         <readonly>true</readonly>
         <executable>true</executable>
         <run_address>0x1b06</run_address>
         <size>0x2</size>
         <alignment>0x2</alignment>
         <input_file_ref idref="fl-30"/>
      </object_component>
      <object_component id="oc-184">
         <name>.text.free_list_remove</name>
         <load_address>0x1b08</load_address>
         <readonly>true</readonly>
         <executable>true</executable>
         <run_address>0x1b08</run_address>
         <size>0x1c</size>
         <alignment>0x4</alignment>
         <input_file_ref idref="fl-33"/>
      </object_component>
      <object_component id="oc-8f">
         <name>.text.__cxx_global_var_init</name>
         <load_address>0x1b24</load_address>
         <readonly>true</readonly>
         <executable>true</executable>
         <run_address>0x1b24</run_address>
         <size>0x18</size>
         <alignment>0x4</alignment>
         <input_file_ref idref="fl-5"/>
      </object_component>
      <object_component id="oc-ea">
         <name>.text._Z11ST7735_openPKcji</name>
         <load_address>0x1b3c</load_address>
         <readonly>true</readonly>
         <executable>true</executable>
         <run_address>0x1b3c</run_address>
         <size>0x16</size>
         <alignment>0x2</alignment>
         <input_file_ref idref="fl-9"/>
      </object_component>
      <object_component id="oc-e8">
         <name>.text._Z11ST7735_readiPcj</name>
         <load_address>0x1b52</load_address>
         <readonly>true</readonly>
         <executable>true</executable>
         <run_address>0x1b52</run_address>
         <size>0x16</size>
         <alignment>0x2</alignment>
         <input_file_ref idref="fl-9"/>
      </object_component>
      <object_component id="oc-59">
         <name>.text:decompress:ZI:__TI_zero_init_nomemset</name>
         <load_address>0x1b68</load_address>
         <readonly>true</readonly>
         <executable>true</executable>
         <run_address>0x1b68</run_address>
         <size>0x16</size>
         <alignment>0x2</alignment>
         <input_file_ref idref="fl-35"/>
      </object_component>
      <object_component id="oc-1ab">
         <name>.text.strcpy</name>
         <load_address>0x1b7e</load_address>
         <readonly>true</readonly>
         <executable>true</executable>
         <run_address>0x1b7e</run_address>
         <size>0x12</size>
         <alignment>0x2</alignment>
         <input_file_ref idref="fl-c1"/>
      </object_component>
      <object_component id="oc-90">
         <name>.text:TI_memcpy_small</name>
         <load_address>0x1b90</load_address>
         <readonly>true</readonly>
         <executable>true</executable>
         <run_address>0x1b90</run_address>
         <size>0x12</size>
         <alignment>0x1</alignment>
         <input_file_ref idref="fl-d9"/>
      </object_component>
      <object_component id="oc-20">
         <name>.text:decompress:none</name>
         <load_address>0x1ba2</load_address>
         <readonly>true</readonly>
         <executable>true</executable>
         <run_address>0x1ba2</run_address>
         <size>0x12</size>
         <alignment>0x2</alignment>
         <input_file_ref idref="fl-36"/>
      </object_component>
      <object_component id="oc-108">
         <name>.text._Z11Clock_Delayj</name>
         <load_address>0x1bb4</load_address>
         <readonly>true</readonly>
         <executable>true</executable>
         <run_address>0x1bb4</run_address>
         <size>0x10</size>
         <alignment>0x2</alignment>
         <input_file_ref idref="fl-1"/>
      </object_component>
      <object_component id="oc-185">
         <name>.text.OUTLINED_FUNCTION_0</name>
         <load_address>0x1bc4</load_address>
         <readonly>true</readonly>
         <executable>true</executable>
         <run_address>0x1bc4</run_address>
         <size>0xe</size>
         <alignment>0x2</alignment>
         <input_file_ref idref="fl-33"/>
      </object_component>
      <object_component id="oc-e6">
         <name>.text._Z12ST7735_lseekili</name>
         <load_address>0x1bd2</load_address>
         <readonly>true</readonly>
         <executable>true</executable>
         <run_address>0x1bd2</run_address>
         <size>0xe</size>
         <alignment>0x2</alignment>
         <input_file_ref idref="fl-9"/>
      </object_component>
      <object_component id="oc-bf">
         <name>.text._ZN8SlidePotC2Ejj</name>
         <load_address>0x1be0</load_address>
         <readonly>true</readonly>
         <executable>true</executable>
         <run_address>0x1be0</run_address>
         <size>0xe</size>
         <alignment>0x2</alignment>
         <input_file_ref idref="fl-a"/>
      </object_component>
      <object_component id="oc-1ac">
         <name>.text.strlen</name>
         <load_address>0x1bee</load_address>
         <readonly>true</readonly>
         <executable>true</executable>
         <run_address>0x1bee</run_address>
         <size>0xe</size>
         <alignment>0x2</alignment>
         <input_file_ref idref="fl-c1"/>
      </object_component>
      <object_component id="oc-c6">
         <name>.text:TI_memset_small</name>
         <load_address>0x1bfc</load_address>
         <readonly>true</readonly>
         <executable>true</executable>
         <run_address>0x1bfc</run_address>
         <size>0xe</size>
         <alignment>0x1</alignment>
         <input_file_ref idref="fl-da"/>
      </object_component>
      <object_component id="oc-18b">
         <name>.text._Z10Clock_Freqv</name>
         <load_address>0x1c0c</load_address>
         <readonly>true</readonly>
         <executable>true</executable>
         <run_address>0x1c0c</run_address>
         <size>0xc</size>
         <alignment>0x4</alignment>
         <input_file_ref idref="fl-1"/>
      </object_component>
      <object_component id="oc-e4">
         <name>.text._Z13ST7735_renamePKcS0_</name>
         <load_address>0x1c18</load_address>
         <readonly>true</readonly>
         <executable>true</executable>
         <run_address>0x1c18</run_address>
         <size>0xc</size>
         <alignment>0x2</alignment>
         <input_file_ref idref="fl-9"/>
      </object_component>
      <object_component id="oc-7b">
         <name>.text.__aeabi_memclr</name>
         <load_address>0x1c24</load_address>
         <readonly>true</readonly>
         <executable>true</executable>
         <run_address>0x1c24</run_address>
         <size>0xc</size>
         <alignment>0x4</alignment>
         <input_file_ref idref="fl-d1"/>
      </object_component>
      <object_component id="oc-132">
         <name>.text.malloc</name>
         <load_address>0x1c30</load_address>
         <readonly>true</readonly>
         <executable>true</executable>
         <run_address>0x1c30</run_address>
         <size>0xc</size>
         <alignment>0x2</alignment>
         <input_file_ref idref="fl-33"/>
      </object_component>
      <object_component id="oc-eb">
         <name>.text._Z12ST7735_closei</name>
         <load_address>0x1c3c</load_address>
         <readonly>true</readonly>
         <executable>true</executable>
         <run_address>0x1c3c</run_address>
         <size>0xa</size>
         <alignment>0x2</alignment>
         <input_file_ref idref="fl-9"/>
      </object_component>
      <object_component id="oc-e5">
         <name>.text._Z13ST7735_unlinkPKc</name>
         <load_address>0x1c46</load_address>
         <readonly>true</readonly>
         <executable>true</executable>
         <run_address>0x1c46</run_address>
         <size>0xa</size>
         <alignment>0x2</alignment>
         <input_file_ref idref="fl-9"/>
      </object_component>
      <object_component id="oc-9a">
         <name>.text._Z8PLL_Initv</name>
         <load_address>0x1c50</load_address>
         <readonly>true</readonly>
         <executable>true</executable>
         <run_address>0x1c50</run_address>
         <size>0xa</size>
         <alignment>0x2</alignment>
         <input_file_ref idref="fl-5"/>
      </object_component>
      <object_component id="oc-69">
         <name>.text._GLOBAL__sub_I_Lab9HMain.cpp</name>
         <load_address>0x1c5a</load_address>
         <readonly>true</readonly>
         <executable>true</executable>
         <run_address>0x1c5a</run_address>
         <size>0x8</size>
         <alignment>0x2</alignment>
         <input_file_ref idref="fl-5"/>
      </object_component>
      <object_component id="oc-52">
         <name>.text.__aeabi_memcpy</name>
         <load_address>0x1c64</load_address>
         <readonly>true</readonly>
         <executable>true</executable>
         <run_address>0x1c64</run_address>
         <size>0x8</size>
         <alignment>0x4</alignment>
         <input_file_ref idref="fl-d0"/>
      </object_component>
      <object_component id="oc-17d">
         <name>.text.remove</name>
         <load_address>0x1c6c</load_address>
         <readonly>true</readonly>
         <executable>true</executable>
         <run_address>0x1c6c</run_address>
         <size>0x8</size>
         <alignment>0x2</alignment>
         <input_file_ref idref="fl-b7"/>
      </object_component>
      <object_component id="oc-36">
         <name>.text.Default_Handler</name>
         <load_address>0x1c74</load_address>
         <readonly>true</readonly>
         <executable>true</executable>
         <run_address>0x1c74</run_address>
         <size>0x4</size>
         <alignment>0x2</alignment>
         <input_file_ref idref="fl-11"/>
      </object_component>
      <object_component id="oc-37">
         <name>.text.HardFault_Handler</name>
         <load_address>0x1c78</load_address>
         <readonly>true</readonly>
         <executable>true</executable>
         <run_address>0x1c78</run_address>
         <size>0x4</size>
         <alignment>0x2</alignment>
         <input_file_ref idref="fl-11"/>
      </object_component>
      <object_component id="oc-32">
         <name>.text.Reset_Handler</name>
         <load_address>0x1c7c</load_address>
         <readonly>true</readonly>
         <executable>true</executable>
         <run_address>0x1c7c</run_address>
         <size>0x4</size>
         <alignment>0x2</alignment>
         <input_file_ref idref="fl-11"/>
      </object_component>
      <object_component id="oc-80">
         <name>.text._system_pre_init</name>
         <load_address>0x1c80</load_address>
         <readonly>true</readonly>
         <executable>true</executable>
         <run_address>0x1c80</run_address>
         <size>0x4</size>
         <alignment>0x2</alignment>
         <input_file_ref idref="fl-41"/>
      </object_component>
      <object_component id="oc-a6">
         <name>.text:abort</name>
         <load_address>0x1c84</load_address>
         <readonly>true</readonly>
         <executable>true</executable>
         <run_address>0x1c84</run_address>
         <size>0x4</size>
         <alignment>0x2</alignment>
         <input_file_ref idref="fl-2f"/>
      </object_component>
      <object_component id="oc-21e">
         <name>.cinit..data.load</name>
         <load_address>0x2240</load_address>
         <readonly>true</readonly>
         <run_address>0x2240</run_address>
         <size>0x6a</size>
         <alignment>0x1</alignment>
      </object_component>
      <object_component id="oc-21c">
         <name>__TI_handler_table</name>
         <load_address>0x22ac</load_address>
         <readonly>true</readonly>
         <run_address>0x22ac</run_address>
         <size>0xc</size>
         <alignment>0x4</alignment>
      </object_component>
      <object_component id="oc-21f">
         <name>.cinit..bss.load</name>
         <load_address>0x22b8</load_address>
         <readonly>true</readonly>
         <run_address>0x22b8</run_address>
         <size>0x8</size>
         <alignment>0x4</alignment>
      </object_component>
      <object_component id="oc-21d">
         <name>__TI_cinit_table</name>
         <load_address>0x22c0</load_address>
         <readonly>true</readonly>
         <run_address>0x22c0</run_address>
         <size>0x10</size>
         <alignment>0x4</alignment>
      </object_component>
      <object_component id="oc-1c9">
         <name>.rodata._ZL4Font</name>
         <load_address>0x1c88</load_address>
         <readonly>true</readonly>
         <run_address>0x1c88</run_address>
         <size>0x4fb</size>
         <alignment>0x1</alignment>
         <input_file_ref idref="fl-9"/>
      </object_component>
      <object_component id="oc-112">
         <name>.rodata._ZL5Rcmd1</name>
         <load_address>0x2183</load_address>
         <readonly>true</readonly>
         <run_address>0x2183</run_address>
         <size>0x3b</size>
         <alignment>0x1</alignment>
         <input_file_ref idref="fl-9"/>
      </object_component>
      <object_component id="oc-117">
         <name>.rodata._ZL5Rcmd3</name>
         <load_address>0x21be</load_address>
         <readonly>true</readonly>
         <run_address>0x21be</run_address>
         <size>0x2b</size>
         <alignment>0x1</alignment>
         <input_file_ref idref="fl-9"/>
      </object_component>
      <object_component id="oc-18a">
         <name>.rodata.str1.131665389507815453811</name>
         <load_address>0x21e9</load_address>
         <readonly>true</readonly>
         <run_address>0x21e9</run_address>
         <size>0x16</size>
         <alignment>0x1</alignment>
         <input_file_ref idref="fl-9"/>
      </object_component>
      <object_component id="oc-114">
         <name>.rodata._ZL10Rcmd2green</name>
         <load_address>0x21ff</load_address>
         <readonly>true</readonly>
         <run_address>0x21ff</run_address>
         <size>0xd</size>
         <alignment>0x1</alignment>
         <input_file_ref idref="fl-9"/>
      </object_component>
      <object_component id="oc-113">
         <name>.rodata._ZL8Rcmd2red</name>
         <load_address>0x220c</load_address>
         <readonly>true</readonly>
         <run_address>0x220c</run_address>
         <size>0xd</size>
         <alignment>0x1</alignment>
         <input_file_ref idref="fl-9"/>
      </object_component>
      <object_component id="oc-f0">
         <name>.rodata.str1.161631381400259954491</name>
         <load_address>0x2219</load_address>
         <readonly>true</readonly>
         <run_address>0x2219</run_address>
         <size>0x8</size>
         <alignment>0x1</alignment>
         <input_file_ref idref="fl-9"/>
      </object_component>
      <object_component id="oc-e9">
         <name>.rodata.str1.143961241596465569741</name>
         <load_address>0x2221</load_address>
         <readonly>true</readonly>
         <run_address>0x2221</run_address>
         <size>0x7</size>
         <alignment>0x1</alignment>
         <input_file_ref idref="fl-9"/>
      </object_component>
      <object_component id="oc-ec">
         <name>.rodata.str1.170560692974795043421</name>
         <load_address>0x2228</load_address>
         <readonly>true</readonly>
         <run_address>0x2228</run_address>
         <size>0x7</size>
         <alignment>0x1</alignment>
         <input_file_ref idref="fl-9"/>
      </object_component>
      <object_component id="oc-ed">
         <name>.rodata.str1.160374501239804684721</name>
         <load_address>0x222f</load_address>
         <readonly>true</readonly>
         <run_address>0x222f</run_address>
         <size>0x2</size>
         <alignment>0x1</alignment>
         <input_file_ref idref="fl-9"/>
      </object_component>
      <object_component id="oc-2f">
         <name>.init_array</name>
         <load_address>0x2238</load_address>
         <readonly>true</readonly>
         <run_address>0x2238</run_address>
         <size>0x4</size>
         <alignment>0x4</alignment>
         <input_file_ref idref="fl-5"/>
      </object_component>
      <object_component id="oc-220">
         <name>SHT$$INIT_ARRAY$$Limit</name>
         <load_address>0x223c</load_address>
         <readonly>true</readonly>
         <run_address>0x223c</run_address>
         <size>0x0</size>
         <alignment>0x0</alignment>
      </object_component>
      <object_component id="oc-1e6">
         <name>.binit</name>
         <load_address>0x0</load_address>
         <readonly>true</readonly>
         <run_address>0x0</run_address>
         <size>0x0</size>
         <alignment>0x4</alignment>
      </object_component>
      <object_component id="oc-105">
         <name>.data.BusFreq</name>
         <load_address>0x202003d4</load_address>
         <readwrite>true</readwrite>
         <run_address>0x202003d4</run_address>
         <size>0x4</size>
         <alignment>0x4</alignment>
         <input_file_ref idref="fl-1"/>
      </object_component>
      <object_component id="oc-c4">
         <name>.data.Sensor</name>
         <load_address>0x202003b8</load_address>
         <readwrite>true</readwrite>
         <run_address>0x202003b8</run_address>
         <size>0x14</size>
         <alignment>0x4</alignment>
         <input_file_ref idref="fl-5"/>
      </object_component>
      <object_component id="oc-149">
         <name>.data.StX</name>
         <load_address>0x202003d8</load_address>
         <readwrite>true</readwrite>
         <run_address>0x202003d8</run_address>
         <size>0x4</size>
         <alignment>0x4</alignment>
         <input_file_ref idref="fl-9"/>
      </object_component>
      <object_component id="oc-14a">
         <name>.data.StY</name>
         <load_address>0x202003dc</load_address>
         <readwrite>true</readwrite>
         <run_address>0x202003dc</run_address>
         <size>0x4</size>
         <alignment>0x4</alignment>
         <input_file_ref idref="fl-9"/>
      </object_component>
      <object_component id="oc-119">
         <name>.data.StTextColor</name>
         <load_address>0x202003ec</load_address>
         <readwrite>true</readwrite>
         <run_address>0x202003ec</run_address>
         <size>0x2</size>
         <alignment>0x2</alignment>
         <input_file_ref idref="fl-9"/>
      </object_component>
      <object_component id="oc-f4">
         <name>.data._ZL6_width</name>
         <load_address>0x202003ee</load_address>
         <readwrite>true</readwrite>
         <run_address>0x202003ee</run_address>
         <size>0x2</size>
         <alignment>0x2</alignment>
         <input_file_ref idref="fl-9"/>
      </object_component>
      <object_component id="oc-f5">
         <name>.data._ZL7_height</name>
         <load_address>0x202003f0</load_address>
         <readwrite>true</readwrite>
         <run_address>0x202003f0</run_address>
         <size>0x2</size>
         <alignment>0x2</alignment>
         <input_file_ref idref="fl-9"/>
      </object_component>
      <object_component id="oc-fa">
         <name>.data..L_MergedGlobals</name>
         <load_address>0x202003cc</load_address>
         <readwrite>true</readwrite>
         <run_address>0x202003cc</run_address>
         <size>0x8</size>
         <alignment>0x4</alignment>
         <input_file_ref idref="fl-2f"/>
      </object_component>
      <object_component id="oc-f8">
         <name>.data._lock</name>
         <load_address>0x202003e4</load_address>
         <readwrite>true</readwrite>
         <run_address>0x202003e4</run_address>
         <size>0x4</size>
         <alignment>0x4</alignment>
         <input_file_ref idref="fl-30"/>
      </object_component>
      <object_component id="oc-fb">
         <name>.data._unlock</name>
         <load_address>0x202003e8</load_address>
         <readwrite>true</readwrite>
         <run_address>0x202003e8</run_address>
         <size>0x4</size>
         <alignment>0x4</alignment>
         <input_file_ref idref="fl-30"/>
      </object_component>
      <object_component id="oc-ee">
         <name>.data._ftable</name>
         <load_address>0x20200200</load_address>
         <readwrite>true</readwrite>
         <run_address>0x20200200</run_address>
         <size>0xf0</size>
         <alignment>0x4</alignment>
         <input_file_ref idref="fl-32"/>
      </object_component>
      <object_component id="oc-16e">
         <name>.data.__TI_ft_end</name>
         <load_address>0x202003e0</load_address>
         <readwrite>true</readwrite>
         <run_address>0x202003e0</run_address>
         <size>0x4</size>
         <alignment>0x4</alignment>
         <input_file_ref idref="fl-32"/>
      </object_component>
      <object_component id="oc-1c7">
         <name>.data.memory_is_initialized</name>
         <load_address>0x202003f8</load_address>
         <readwrite>true</readwrite>
         <run_address>0x202003f8</run_address>
         <size>0x1</size>
         <alignment>0x4</alignment>
         <input_file_ref idref="fl-33"/>
      </object_component>
      <object_component id="oc-121">
         <name>.data._device</name>
         <load_address>0x202002f0</load_address>
         <readwrite>true</readwrite>
         <run_address>0x202002f0</run_address>
         <size>0x78</size>
         <alignment>0x4</alignment>
         <input_file_ref idref="fl-b6"/>
      </object_component>
      <object_component id="oc-1b1">
         <name>.data._stream</name>
         <load_address>0x20200368</load_address>
         <readwrite>true</readwrite>
         <run_address>0x20200368</run_address>
         <size>0x50</size>
         <alignment>0x4</alignment>
         <input_file_ref idref="fl-b6"/>
      </object_component>
      <object_component id="oc-1b0">
         <name>.data.open.stream_init</name>
         <load_address>0x202003fc</load_address>
         <readwrite>true</readwrite>
         <run_address>0x202003fc</run_address>
         <size>0x1</size>
         <alignment>0x4</alignment>
         <input_file_ref idref="fl-b8"/>
      </object_component>
      <object_component id="oc-120">
         <name>.data.add_device.device_init</name>
         <load_address>0x202003f4</load_address>
         <readwrite>true</readwrite>
         <run_address>0x202003f4</run_address>
         <size>0x1</size>
         <alignment>0x4</alignment>
         <input_file_ref idref="fl-bb"/>
      </object_component>
      <object_component id="oc-115">
         <name>.bss._ZL8ColStart</name>
         <uninitialized>true</uninitialized>
         <readwrite>true</readwrite>
         <run_address>0x202005d4</run_address>
         <size>0x1</size>
         <alignment>0x1</alignment>
         <input_file_ref idref="fl-9"/>
      </object_component>
      <object_component id="oc-116">
         <name>.bss._ZL8RowStart</name>
         <uninitialized>true</uninitialized>
         <readwrite>true</readwrite>
         <run_address>0x202005d5</run_address>
         <size>0x1</size>
         <alignment>0x1</alignment>
         <input_file_ref idref="fl-9"/>
      </object_component>
      <object_component id="oc-118">
         <name>.bss._ZL8TabColor</name>
         <uninitialized>true</uninitialized>
         <readwrite>true</readwrite>
         <run_address>0x202005d6</run_address>
         <size>0x1</size>
         <alignment>0x1</alignment>
         <input_file_ref idref="fl-9"/>
      </object_component>
      <object_component id="oc-72">
         <name>.bss.TExaSLogic</name>
         <uninitialized>true</uninitialized>
         <readwrite>true</readwrite>
         <run_address>0x202005c8</run_address>
         <size>0x4</size>
         <alignment>0x4</alignment>
         <input_file_ref idref="fl-e"/>
      </object_component>
      <object_component id="oc-71">
         <name>.bss.TExaSadc</name>
         <uninitialized>true</uninitialized>
         <readwrite>true</readwrite>
         <run_address>0x202005cc</run_address>
         <size>0x4</size>
         <alignment>0x4</alignment>
         <input_file_ref idref="fl-e"/>
      </object_component>
      <object_component id="oc-181">
         <name>.bss.__TI_tmpnams</name>
         <uninitialized>true</uninitialized>
         <readwrite>true</readwrite>
         <run_address>0x20200520</run_address>
         <size>0xa0</size>
         <alignment>0x1</alignment>
         <input_file_ref idref="fl-32"/>
      </object_component>
      <object_component id="oc-1c5">
         <name>.bss.sys_free</name>
         <uninitialized>true</uninitialized>
         <readwrite>true</readwrite>
         <run_address>0x202005d0</run_address>
         <size>0x4</size>
         <alignment>0x4</alignment>
         <input_file_ref idref="fl-33"/>
      </object_component>
      <object_component id="oc-198">
         <name>.bss.parmbuf</name>
         <uninitialized>true</uninitialized>
         <readwrite>true</readwrite>
         <run_address>0x202005c0</run_address>
         <size>0x8</size>
         <alignment>0x1</alignment>
         <input_file_ref idref="fl-bf"/>
      </object_component>
      <object_component id="oc-1d0">
         <name>.bss:_CIOBUF_</name>
         <uninitialized>true</uninitialized>
         <readwrite>true</readwrite>
         <run_address>0x20200400</run_address>
         <size>0x120</size>
         <alignment>0x4</alignment>
         <input_file_ref idref="fl-c4"/>
      </object_component>
      <object_component id="oc-30">
         <name>.sysmem</name>
         <uninitialized>true</uninitialized>
         <readwrite>true</readwrite>
         <run_address>0x20200000</run_address>
         <size>0x10</size>
         <alignment>0x8</alignment>
         <input_file_ref idref="fl-33"/>
      </object_component>
      <object_component id="oc-223">
         <name>.sysmem</name>
         <uninitialized>true</uninitialized>
         <readwrite>true</readwrite>
         <run_address>0x20200000</run_address>
         <size>0x0</size>
         <alignment>0x4</alignment>
      </object_component>
      <object_component id="oc-1a">
         <name>.stack</name>
         <uninitialized>true</uninitialized>
         <readwrite>true</readwrite>
         <run_address>0x20207e00</run_address>
         <size>0x4</size>
         <alignment>0x4</alignment>
         <input_file_ref idref="fl-38"/>
      </object_component>
      <object_component id="oc-222">
         <name>.stack</name>
         <uninitialized>true</uninitialized>
         <readwrite>true</readwrite>
         <run_address>0x20207e00</run_address>
         <size>0x0</size>
         <alignment>0x8</alignment>
      </object_component>
      <object_component id="oc-106">
         <name>.debug_abbrev</name>
         <load_address>0x0</load_address>
         <run_address>0x0</run_address>
         <size>0x195</size>
         <alignment>0x1</alignment>
         <input_file_ref idref="fl-1"/>
      </object_component>
      <object_component id="oc-75">
         <name>.debug_abbrev</name>
         <load_address>0x195</load_address>
         <run_address>0x195</run_address>
         <size>0x235</size>
         <alignment>0x1</alignment>
         <input_file_ref idref="fl-5"/>
      </object_component>
      <object_component id="oc-d2">
         <name>.debug_abbrev</name>
         <load_address>0x3ca</load_address>
         <run_address>0x3ca</run_address>
         <size>0x111</size>
         <alignment>0x1</alignment>
         <input_file_ref idref="fl-6"/>
      </object_component>
      <object_component id="oc-147">
         <name>.debug_abbrev</name>
         <load_address>0x4db</load_address>
         <run_address>0x4db</run_address>
         <size>0xdf</size>
         <alignment>0x1</alignment>
         <input_file_ref idref="fl-8"/>
      </object_component>
      <object_component id="oc-f1">
         <name>.debug_abbrev</name>
         <load_address>0x5ba</load_address>
         <run_address>0x5ba</run_address>
         <size>0x17a</size>
         <alignment>0x1</alignment>
         <input_file_ref idref="fl-9"/>
      </object_component>
      <object_component id="oc-102">
         <name>.debug_abbrev</name>
         <load_address>0x734</load_address>
         <run_address>0x734</run_address>
         <size>0x15a</size>
         <alignment>0x1</alignment>
         <input_file_ref idref="fl-a"/>
      </object_component>
      <object_component id="oc-6f">
         <name>.debug_abbrev</name>
         <load_address>0x88e</load_address>
         <run_address>0x88e</run_address>
         <size>0x8f</size>
         <alignment>0x1</alignment>
         <input_file_ref idref="fl-c"/>
      </object_component>
      <object_component id="oc-73">
         <name>.debug_abbrev</name>
         <load_address>0x91d</load_address>
         <run_address>0x91d</run_address>
         <size>0x141</size>
         <alignment>0x1</alignment>
         <input_file_ref idref="fl-e"/>
      </object_component>
      <object_component id="oc-47">
         <name>.debug_abbrev</name>
         <load_address>0xa5e</load_address>
         <run_address>0xa5e</run_address>
         <size>0x6d</size>
         <alignment>0x1</alignment>
         <input_file_ref idref="fl-11"/>
      </object_component>
      <object_component id="oc-128">
         <name>.debug_abbrev</name>
         <load_address>0xacb</load_address>
         <run_address>0xacb</run_address>
         <size>0x151</size>
         <alignment>0x1</alignment>
         <input_file_ref idref="fl-2c"/>
      </object_component>
      <object_component id="oc-134">
         <name>.debug_abbrev</name>
         <load_address>0xc1c</load_address>
         <run_address>0xc1c</run_address>
         <size>0x9c</size>
         <alignment>0x1</alignment>
         <input_file_ref idref="fl-2d"/>
      </object_component>
      <object_component id="oc-f6">
         <name>.debug_abbrev</name>
         <load_address>0xcb8</load_address>
         <run_address>0xcb8</run_address>
         <size>0xb3</size>
         <alignment>0x1</alignment>
         <input_file_ref idref="fl-2f"/>
      </object_component>
      <object_component id="oc-140">
         <name>.debug_abbrev</name>
         <load_address>0xd6b</load_address>
         <run_address>0xd6b</run_address>
         <size>0x73</size>
         <alignment>0x1</alignment>
         <input_file_ref idref="fl-30"/>
      </object_component>
      <object_component id="oc-138">
         <name>.debug_abbrev</name>
         <load_address>0xdde</load_address>
         <run_address>0xdde</run_address>
         <size>0x77</size>
         <alignment>0x1</alignment>
         <input_file_ref idref="fl-32"/>
      </object_component>
      <object_component id="oc-6a">
         <name>.debug_abbrev</name>
         <load_address>0xe55</load_address>
         <run_address>0xe55</run_address>
         <size>0x229</size>
         <alignment>0x1</alignment>
         <input_file_ref idref="fl-33"/>
      </object_component>
      <object_component id="oc-79">
         <name>.debug_abbrev</name>
         <load_address>0x107e</load_address>
         <run_address>0x107e</run_address>
         <size>0xc2</size>
         <alignment>0x1</alignment>
         <input_file_ref idref="fl-35"/>
      </object_component>
      <object_component id="oc-56">
         <name>.debug_abbrev</name>
         <load_address>0x1140</load_address>
         <run_address>0x1140</run_address>
         <size>0x70</size>
         <alignment>0x1</alignment>
         <input_file_ref idref="fl-36"/>
      </object_component>
      <object_component id="oc-4e">
         <name>.debug_abbrev</name>
         <load_address>0x11b0</load_address>
         <run_address>0x11b0</run_address>
         <size>0x8d</size>
         <alignment>0x1</alignment>
         <input_file_ref idref="fl-37"/>
      </object_component>
      <object_component id="oc-49">
         <name>.debug_abbrev</name>
         <load_address>0x123d</load_address>
         <run_address>0x123d</run_address>
         <size>0xaf</size>
         <alignment>0x1</alignment>
         <input_file_ref idref="fl-38"/>
      </object_component>
      <object_component id="oc-182">
         <name>.debug_abbrev</name>
         <load_address>0x12ec</load_address>
         <run_address>0x12ec</run_address>
         <size>0xa4</size>
         <alignment>0x1</alignment>
         <input_file_ref idref="fl-3b"/>
      </object_component>
      <object_component id="oc-1b9">
         <name>.debug_abbrev</name>
         <load_address>0x1390</load_address>
         <run_address>0x1390</run_address>
         <size>0xb2</size>
         <alignment>0x1</alignment>
         <input_file_ref idref="fl-3c"/>
      </object_component>
      <object_component id="oc-fc">
         <name>.debug_abbrev</name>
         <load_address>0x1442</load_address>
         <run_address>0x1442</run_address>
         <size>0x186</size>
         <alignment>0x1</alignment>
         <input_file_ref idref="fl-40"/>
      </object_component>
      <object_component id="oc-98">
         <name>.debug_abbrev</name>
[...]
         <object_component_ref idref="oc-10b"/>
      </symbol>
      <symbol id="sm-e3">
         <name>_Z16ST7735_SetCursorjj</name>
         <value>0x1835</value>
         <object_component_ref idref="oc-111"/>
      </symbol>
      <symbol id="sm-e4">
         <name>_Z17ST7735_FillScreent</name>
         <value>0x19cd</value>
         <object_component_ref idref="oc-a5"/>
      </symbol>
      <symbol id="sm-e5">
         <name>StTextColor</name>
         <value>0x202003ec</value>
         <object_component_ref idref="oc-119"/>
      </symbol>
      <symbol id="sm-e6">
         <name>StX</name>
         <value>0x202003d8</value>
         <object_component_ref idref="oc-149"/>
      </symbol>
      <symbol id="sm-e7">
         <name>StY</name>
         <value>0x202003dc</value>
         <object_component_ref idref="oc-14a"/>
      </symbol>
      <symbol id="sm-e8">
         <name>_Z15ST7735_FillRectsssst</name>
         <value>0x6a1</value>
         <object_component_ref idref="oc-f3"/>
      </symbol>
      <symbol id="sm-e9">
         <name>_Z12ST7735_InitR10initRFlags</name>
         <value>0xe1d</value>
         <object_component_ref idref="oc-d4"/>
      </symbol>
      <symbol id="sm-ea">
         <name>_Z16ST7735_DrawPixelsst</name>
         <value>0x1131</value>
         <object_component_ref idref="oc-1c8"/>
      </symbol>
      <symbol id="sm-eb">
         <name>_Z16ST7735_DrawCharSsscssh</name>
         <value>0x275</value>
         <object_component_ref idref="oc-189"/>
      </symbol>
      <symbol id="sm-ec">
         <name>_Z17ST7735_DrawStringttPcs</name>
         <value>0xf3d</value>
         <object_component_ref idref="oc-188"/>
      </symbol>
      <symbol id="sm-ed">
         <name>_Z14ST7735_OutCharc</name>
         <value>0xb65</value>
         <object_component_ref idref="oc-137"/>
      </symbol>
      <symbol id="sm-ee">
         <name>_Z11ST7735_openPKcji</name>
         <value>0x1b3d</value>
         <object_component_ref idref="oc-ea"/>
      </symbol>
      <symbol id="sm-ef">
         <name>_Z12ST7735_closei</name>
         <value>0x1c3d</value>
         <object_component_ref idref="oc-eb"/>
      </symbol>
      <symbol id="sm-f0">
         <name>_Z11ST7735_readiPcj</name>
         <value>0x1b53</value>
         <object_component_ref idref="oc-e8"/>
      </symbol>
      <symbol id="sm-f1">
         <name>_Z12ST7735_writeiPKcj</name>
         <value>0x17cd</value>
         <object_component_ref idref="oc-e7"/>
      </symbol>
      <symbol id="sm-f2">
         <name>_Z12ST7735_lseekili</name>
         <value>0x1bd3</value>
         <object_component_ref idref="oc-e6"/>
      </symbol>
      <symbol id="sm-f3">
         <name>_Z13ST7735_unlinkPKc</name>
         <value>0x1c47</value>
         <object_component_ref idref="oc-e5"/>
      </symbol>
      <symbol id="sm-f4">
         <name>_Z13ST7735_renamePKcS0_</name>
         <value>0x1c19</value>
         <object_component_ref idref="oc-e4"/>
      </symbol>
      <symbol id="sm-f5">
         <name>_Z17ST7735_InitPrintfv</name>
         <value>0xd81</value>
         <object_component_ref idref="oc-a0"/>
      </symbol>
      <symbol id="sm-fe">
         <name>_ZN8SlidePotC2Ejj</name>
         <value>0x1be1</value>
         <object_component_ref idref="oc-bf"/>
      </symbol>
      <symbol id="sm-ff">
         <name>_ZN8SlidePotC1Ejj</name>
         <value>0x1be1</value>
         <object_component_ref idref="oc-bf"/>
      </symbol>
      <symbol id="sm-109">
         <name>SysTick_Handler</name>
         <value>0xd7f</value>
         <object_component_ref idref="oc-38"/>
      </symbol>
      <symbol id="sm-114">
         <name>TIMG7_IRQHandler</name>
         <value>0x1625</value>
         <object_component_ref idref="oc-3d"/>
      </symbol>
      <symbol id="sm-115">
         <name>TExaSadc</name>
         <value>0x202005cc</value>
         <object_component_ref idref="oc-71"/>
      </symbol>
      <symbol id="sm-116">
         <name>TExaSLogic</name>
         <value>0x202005c8</value>
         <object_component_ref idref="oc-72"/>
      </symbol>
      <symbol id="sm-125">
         <name>Default_Handler</name>
         <value>0x1c75</value>
         <object_component_ref idref="oc-36"/>
      </symbol>
      <symbol id="sm-126">
         <name>Reset_Handler</name>
         <value>0x1c7d</value>
         <object_component_ref idref="oc-32"/>
      </symbol>
      <symbol id="sm-127">
         <name>HardFault_Handler</name>
         <value>0x1c79</value>
         <object_component_ref idref="oc-37"/>
      </symbol>
      <symbol id="sm-128">
         <name>interruptVectors</name>
         <value>0x0</value>
         <object_component_ref idref="oc-18"/>
      </symbol>
      <symbol id="sm-129">
         <name>NMI_Handler</name>
         <value>0x1c75</value>
         <object_component_ref idref="oc-36"/>
      </symbol>
      <symbol id="sm-12a">
         <name>SVC_Handler</name>
         <value>0x1c75</value>
         <object_component_ref idref="oc-36"/>
      </symbol>
      <symbol id="sm-12b">
         <name>PendSV_Handler</name>
         <value>0x1c75</value>
         <object_component_ref idref="oc-36"/>
      </symbol>
      <symbol id="sm-12c">
         <name>GROUP0_IRQHandler</name>
         <value>0x1c75</value>
         <object_component_ref idref="oc-36"/>
      </symbol>
      <symbol id="sm-12d">
         <name>GROUP1_IRQHandler</name>
         <value>0x1c75</value>
         <object_component_ref idref="oc-36"/>
      </symbol>
      <symbol id="sm-12e">
         <name>TIMG8_IRQHandler</name>
         <value>0x1c75</value>
         <object_component_ref idref="oc-36"/>
      </symbol>
      <symbol id="sm-12f">
         <name>UART3_IRQHandler</name>
         <value>0x1c75</value>
         <object_component_ref idref="oc-36"/>
      </symbol>
      <symbol id="sm-130">
         <name>ADC0_IRQHandler</name>
         <value>0x1c75</value>
         <object_component_ref idref="oc-36"/>
      </symbol>
      <symbol id="sm-131">
         <name>ADC1_IRQHandler</name>
         <value>0x1c75</value>
         <object_component_ref idref="oc-36"/>
      </symbol>
      <symbol id="sm-132">
         <name>CANFD0_IRQHandler</name>
         <value>0x1c75</value>
         <object_component_ref idref="oc-36"/>
      </symbol>
      <symbol id="sm-133">
         <name>DAC0_IRQHandler</name>
         <value>0x1c75</value>
         <object_component_ref idref="oc-36"/>
      </symbol>
      <symbol id="sm-134">
         <name>SPI0_IRQHandler</name>
         <value>0x1c75</value>
         <object_component_ref idref="oc-36"/>
      </symbol>
      <symbol id="sm-135">
         <name>SPI1_IRQHandler</name>
         <value>0x1c75</value>
         <object_component_ref idref="oc-36"/>
      </symbol>
      <symbol id="sm-136">
         <name>UART1_IRQHandler</name>
         <value>0x1c75</value>
         <object_component_ref idref="oc-36"/>
      </symbol>
      <symbol id="sm-137">
         <name>UART2_IRQHandler</name>
         <value>0x1c75</value>
         <object_component_ref idref="oc-36"/>
      </symbol>
      <symbol id="sm-138">
         <name>UART0_IRQHandler</name>
         <value>0x1c75</value>
         <object_component_ref idref="oc-36"/>
      </symbol>
      <symbol id="sm-139">
         <name>TIMG0_IRQHandler</name>
         <value>0x1c75</value>
         <object_component_ref idref="oc-36"/>
      </symbol>
      <symbol id="sm-13a">
         <name>TIMG6_IRQHandler</name>
         <value>0x1c75</value>
         <object_component_ref idref="oc-36"/>
      </symbol>
      <symbol id="sm-13b">
         <name>TIMA0_IRQHandler</name>
         <value>0x1c75</value>
         <object_component_ref idref="oc-36"/>
      </symbol>
      <symbol id="sm-13c">
         <name>TIMA1_IRQHandler</name>
         <value>0x1c75</value>
         <object_component_ref idref="oc-36"/>
      </symbol>
      <symbol id="sm-13d">
         <name>I2C0_IRQHandler</name>
         <value>0x1c75</value>
         <object_component_ref idref="oc-36"/>
      </symbol>
      <symbol id="sm-13e">
         <name>I2C1_IRQHandler</name>
         <value>0x1c75</value>
         <object_component_ref idref="oc-36"/>
      </symbol>
      <symbol id="sm-13f">
         <name>AES_IRQHandler</name>
         <value>0x1c75</value>
         <object_component_ref idref="oc-36"/>
      </symbol>
      <symbol id="sm-140">
         <name>RTC_IRQHandler</name>
         <value>0x1c75</value>
         <object_component_ref idref="oc-36"/>
      </symbol>
      <symbol id="sm-141">
         <name>DMA_IRQHandler</name>
         <value>0x1c75</value>
         <object_component_ref idref="oc-36"/>
      </symbol>
      <symbol id="sm-142">
         <name>__TI_ATRegion0_src_addr</name>
         <value>0x0</value>
      </symbol>
      <symbol id="sm-143">
         <name>__TI_ATRegion0_trg_addr</name>
         <value>0x0</value>
      </symbol>
      <symbol id="sm-144">
         <name>__TI_ATRegion0_region_sz</name>
         <value>0x0</value>
      </symbol>
      <symbol id="sm-145">
         <name>__TI_ATRegion1_src_addr</name>
         <value>0x0</value>
      </symbol>
      <symbol id="sm-146">
         <name>__TI_ATRegion1_trg_addr</name>
         <value>0x0</value>
      </symbol>
      <symbol id="sm-147">
         <name>__TI_ATRegion1_region_sz</name>
         <value>0x0</value>
      </symbol>
      <symbol id="sm-148">
         <name>__TI_ATRegion2_src_addr</name>
         <value>0x0</value>
      </symbol>
      <symbol id="sm-149">
         <name>__TI_ATRegion2_trg_addr</name>
         <value>0x0</value>
      </symbol>
      <symbol id="sm-14a">
         <name>__TI_ATRegion2_region_sz</name>
         <value>0x0</value>
      </symbol>
      <symbol id="sm-163">
         <name>fopen</name>
         <value>0x199d</value>
         <object_component_ref idref="oc-d9"/>
      </symbol>
      <symbol id="sm-164">
         <name>__TI_cleanup</name>
         <value>0x1869</value>
         <object_component_ref idref="oc-133"/>
      </symbol>
      <symbol id="sm-165">
         <name>freopen</name>
         <value>0x1939</value>
         <object_component_ref idref="oc-df"/>
      </symbol>
      <symbol id="sm-16f">
         <name>setvbuf</name>
         <value>0xa89</value>
         <object_component_ref idref="oc-e0"/>
      </symbol>
      <symbol id="sm-17e">
         <name>abort</name>
         <value>0x1c85</value>
         <object_component_ref idref="oc-a6"/>
      </symbol>
      <symbol id="sm-17f">
         <name>C$$EXIT</name>
         <value>0x1c84</value>
         <object_component_ref idref="oc-a6"/>
      </symbol>
      <symbol id="sm-180">
         <name>__TI_cleanup_ptr</name>
         <value>0x202003cc</value>
         <object_component_ref idref="oc-fa"/>
      </symbol>
      <symbol id="sm-181">
         <name>__TI_dtors_ptr</name>
         <value>0x202003d0</value>
         <object_component_ref idref="oc-fa"/>
      </symbol>
      <symbol id="sm-182">
         <name>exit</name>
         <value>0x1905</value>
         <object_component_ref idref="oc-ab"/>
      </symbol>
      <symbol id="sm-18b">
         <name>_nop</name>
         <value>0x1b07</value>
         <object_component_ref idref="oc-13c"/>
      </symbol>
      <symbol id="sm-18c">
         <name>_lock</name>
         <value>0x202003e4</value>
         <object_component_ref idref="oc-f8"/>
      </symbol>
      <symbol id="sm-18d">
         <name>_unlock</name>
         <value>0x202003e8</value>
         <object_component_ref idref="oc-fb"/>
      </symbol>
      <symbol id="sm-193">
         <name>_ftable</name>
         <value>0x20200200</value>
         <object_component_ref idref="oc-ee"/>
      </symbol>
      <symbol id="sm-194">
         <name>__TI_ft_end</name>
         <value>0x202003e0</value>
         <object_component_ref idref="oc-16e"/>
      </symbol>
      <symbol id="sm-195">
         <name>__TI_tmpnams</name>
         <value>0x20200520</value>
         <object_component_ref idref="oc-181"/>
      </symbol>
      <symbol id="sm-1b8">
         <name>malloc</name>
         <value>0x1c31</value>
         <object_component_ref idref="oc-132"/>
      </symbol>
      <symbol id="sm-1b9">
         <name>aligned_alloc</name>
         <value>0x575</value>
         <object_component_ref idref="oc-187"/>
      </symbol>
      <symbol id="sm-1ba">
         <name>free</name>
         <value>0x99d</value>
         <object_component_ref idref="oc-130"/>
      </symbol>
      <symbol id="sm-1bb">
         <name>_sys_memory</name>
         <value>0x20200000</value>
         <object_component_ref idref="oc-30"/>
      </symbol>
      <symbol id="sm-1bc">
         <name>memalign</name>
         <value>0x575</value>
         <object_component_ref idref="oc-187"/>
      </symbol>
      <symbol id="sm-1c7">
         <name>__TI_zero_init_nomemset</name>
         <value>0x1b69</value>
         <object_component_ref idref="oc-59"/>
      </symbol>
      <symbol id="sm-1d0">
         <name>__TI_decompress_none</name>
         <value>0x1ba3</value>
         <object_component_ref idref="oc-20"/>
      </symbol>
      <symbol id="sm-1db">
         <name>__TI_decompress_lzss</name>
         <value>0x10b9</value>
         <object_component_ref idref="oc-1c"/>
      </symbol>
      <symbol id="sm-1e6">
         <name>_c_int00_noargs</name>
         <value>0x1a9d</value>
         <object_component_ref idref="oc-62"/>
      </symbol>
      <symbol id="sm-1e7">
         <name>__stack</name>
         <value>0x20207e00</value>
         <object_component_ref idref="oc-1a"/>
      </symbol>
      <symbol id="sm-1f4">
         <name>__TI_closefile</name>
         <value>0x103d</value>
         <object_component_ref idref="oc-12a"/>
      </symbol>
      <symbol id="sm-1fe">
         <name>__TI_doflush</name>
         <value>0x14a9</value>
         <object_component_ref idref="oc-173"/>
      </symbol>
      <symbol id="sm-20c">
         <name>__TI_auto_init_nobinit</name>
         <value>0x1455</value>
         <object_component_ref idref="oc-b3"/>
      </symbol>
      <symbol id="sm-214">
         <name>_system_pre_init</name>
         <value>0x1c81</value>
         <object_component_ref idref="oc-80"/>
      </symbol>
      <symbol id="sm-22b">
         <name>write</name>
         <value>0x1a75</value>
         <object_component_ref idref="oc-1b5"/>
      </symbol>
      <symbol id="sm-230">
         <name>_device</name>
         <value>0x202002f0</value>
         <object_component_ref idref="oc-121"/>
      </symbol>
      <symbol id="sm-231">
         <name>_stream</name>
         <value>0x20200368</value>
         <object_component_ref idref="oc-1b1"/>
      </symbol>
      <symbol id="sm-23a">
         <name>remove</name>
         <value>0x1c6d</value>
         <object_component_ref idref="oc-17d"/>
      </symbol>
      <symbol id="sm-246">
         <name>open</name>
         <value>0xc35</value>
         <object_component_ref idref="oc-16f"/>
      </symbol>
      <symbol id="sm-251">
         <name>close</name>
         <value>0x14fd</value>
         <object_component_ref idref="oc-179"/>
      </symbol>
      <symbol id="sm-25d">
         <name>add_device</name>
         <value>0x8b1</value>
         <object_component_ref idref="oc-d5"/>
      </symbol>
      <symbol id="sm-267">
         <name>unlink</name>
         <value>0x19f9</value>
         <object_component_ref idref="oc-1be"/>
      </symbol>
      <symbol id="sm-271">
         <name>HOSTclose</name>
         <value>0x154d</value>
         <object_component_ref idref="oc-151"/>
      </symbol>
      <symbol id="sm-27b">
         <name>HOSTlseek</name>
         <value>0x11a1</value>
         <object_component_ref idref="oc-15d"/>
      </symbol>
      <symbol id="sm-285">
         <name>HOSTopen</name>
         <value>0x1345</value>
         <object_component_ref idref="oc-14d"/>
      </symbol>
      <symbol id="sm-286">
         <name>parmbuf</name>
         <value>0x202005c0</value>
         <object_component_ref idref="oc-198"/>
      </symbol>
      <symbol id="sm-290">
         <name>HOSTread</name>
         <value>0x13a5</value>
         <object_component_ref idref="oc-155"/>
      </symbol>
      <symbol id="sm-2a1">
         <name>HOSTrename</name>
         <value>0x120d</value>
         <object_component_ref idref="oc-165"/>
      </symbol>
      <symbol id="sm-2ab">
         <name>HOSTunlink</name>
         <value>0x1595</value>
         <object_component_ref idref="oc-161"/>
      </symbol>
      <symbol id="sm-2b5">
         <name>HOSTwrite</name>
         <value>0x13fd</value>
         <object_component_ref idref="oc-159"/>
      </symbol>
      <symbol id="sm-2c3">
         <name>C$$IO$$</name>
         <value>0x18fd</value>
         <object_component_ref idref="oc-191"/>
      </symbol>
      <symbol id="sm-2c4">
         <name>__TI_writemsg</name>
         <value>0x18d1</value>
         <object_component_ref idref="oc-191"/>
      </symbol>
      <symbol id="sm-2c5">
         <name>__CIOBUF_</name>
         <value>0x20200400</value>
         <object_component_ref idref="oc-1d0"/>
      </symbol>
      <symbol id="sm-2c6">
         <name>__TI_readmsg</name>
         <value>0x189d</value>
         <object_component_ref idref="oc-197"/>
      </symbol>
      <symbol id="sm-2c7">
         <name>_CIOBUF_</name>
         <value>0x20200400</value>
         <object_component_ref idref="oc-1d0"/>
      </symbol>
      <symbol id="sm-2cd">
         <name>__aeabi_memcpy</name>
         <value>0x1c65</value>
         <object_component_ref idref="oc-52"/>
      </symbol>
      <symbol id="sm-2ce">
         <name>__aeabi_memcpy4</name>
         <value>0x1c65</value>
         <object_component_ref idref="oc-52"/>
      </symbol>
      <symbol id="sm-2cf">
         <name>__aeabi_memcpy8</name>
         <value>0x1c65</value>
         <object_component_ref idref="oc-52"/>
      </symbol>
      <symbol id="sm-2d6">
         <name>__aeabi_memclr</name>
         <value>0x1c25</value>
         <object_component_ref idref="oc-7b"/>
      </symbol>
      <symbol id="sm-2d7">
         <name>__aeabi_memclr4</name>
         <value>0x1c25</value>
         <object_component_ref idref="oc-7b"/>
      </symbol>
      <symbol id="sm-2d8">
         <name>__aeabi_memclr8</name>
         <value>0x1c25</value>
         <object_component_ref idref="oc-7b"/>
      </symbol>
      <symbol id="sm-2de">
         <name>__aeabi_uidiv</name>
         <value>0x16a5</value>
         <object_component_ref idref="oc-18c"/>
      </symbol>
      <symbol id="sm-2df">
         <name>__aeabi_uidivmod</name>
         <value>0x16a5</value>
         <object_component_ref idref="oc-18c"/>
      </symbol>
      <symbol id="sm-2ea">
         <name>__aeabi_idiv0</name>
         <value>0x14fb</value>
         <object_component_ref idref="oc-1ca"/>
      </symbol>
      <symbol id="sm-2f8">
         <name>finddevice</name>
         <value>0x1795</value>
         <object_component_ref idref="oc-11a"/>
      </symbol>
      <symbol id="sm-2f9">
         <name>getdevice</name>
         <value>0x1279</value>
         <object_component_ref idref="oc-1af"/>
      </symbol>
      <symbol id="sm-302">
         <name>TI_memcpy_small</name>
         <value>0x1b91</value>
         <object_component_ref idref="oc-90"/>
      </symbol>
      <symbol id="sm-30b">
         <name>TI_memset_small</name>
         <value>0x1bfd</value>
         <object_component_ref idref="oc-c6"/>
      </symbol>
      <symbol id="sm-30c">
         <name>__TI_static_base__</name>
         <value>0x0</value>
      </symbol>
      <symbol id="sm-30f">
         <name>__mpu_init</name>
         <value>0x0</value>
      </symbol>
      <symbol id="sm-310">
         <name>_system_post_cinit</name>
         <value>0x0</value>
      </symbol>
   </symbol_table>
   <title>Link successful</title>
</link_info>
